Archive member included because of file (symbol)

d:/armgcc/bin/../lib/gcc/arm-none-eabi/4.8.4/../../../../arm-none-eabi/lib/armv7e-m\libc.a(lib_a-assert.o)
                              out/SAM4S_StdPeriph_Driver/Source/SAM4S/source/tc.o (__assert_func)
d:/armgcc/bin/../lib/gcc/arm-none-eabi/4.8.4/../../../../arm-none-eabi/lib/armv7e-m\libc.a(lib_a-exit.o)
                              d:/armgcc/bin/../lib/gcc/arm-none-eabi/4.8.4/../../../../arm-none-eabi/lib/armv7e-m/crt0.o (exit)
d:/armgcc/bin/../lib/gcc/arm-none-eabi/4.8.4/../../../../arm-none-eabi/lib/armv7e-m\libc.a(lib_a-fiprintf.o)
                              d:/armgcc/bin/../lib/gcc/arm-none-eabi/4.8.4/../../../../arm-none-eabi/lib/armv7e-m\libc.a(lib_a-assert.o) (fiprintf)
d:/armgcc/bin/../lib/gcc/arm-none-eabi/4.8.4/../../../../arm-none-eabi/lib/armv7e-m\libc.a(lib_a-impure.o)
                              d:/armgcc/bin/../lib/gcc/arm-none-eabi/4.8.4/../../../../arm-none-eabi/lib/armv7e-m\libc.a(lib_a-exit.o) (_global_impure_ptr)
d:/armgcc/bin/../lib/gcc/arm-none-eabi/4.8.4/../../../../arm-none-eabi/lib/armv7e-m\libc.a(lib_a-init.o)
                              d:/armgcc/bin/../lib/gcc/arm-none-eabi/4.8.4/../../../../arm-none-eabi/lib/armv7e-m/crt0.o (__libc_init_array)
d:/armgcc/bin/../lib/gcc/arm-none-eabi/4.8.4/../../../../arm-none-eabi/lib/armv7e-m\libc.a(lib_a-memset.o)
                              d:/armgcc/bin/../lib/gcc/arm-none-eabi/4.8.4/../../../../arm-none-eabi/lib/armv7e-m/crt0.o (memset)
d:/armgcc/bin/../lib/gcc/arm-none-eabi/4.8.4/../../../../arm-none-eabi/lib/armv7e-m\libc.a(lib_a-vfiprintf.o)
                              d:/armgcc/bin/../lib/gcc/arm-none-eabi/4.8.4/../../../../arm-none-eabi/lib/armv7e-m\libc.a(lib_a-fiprintf.o) (_vfiprintf_r)
d:/armgcc/bin/../lib/gcc/arm-none-eabi/4.8.4/../../../../arm-none-eabi/lib/armv7e-m\libc.a(lib_a-wsetup.o)
                              d:/armgcc/bin/../lib/gcc/arm-none-eabi/4.8.4/../../../../arm-none-eabi/lib/armv7e-m\libc.a(lib_a-vfiprintf.o) (__swsetup_r)
d:/armgcc/bin/../lib/gcc/arm-none-eabi/4.8.4/../../../../arm-none-eabi/lib/armv7e-m\libc.a(lib_a-__call_atexit.o)
                              d:/armgcc/bin/../lib/gcc/arm-none-eabi/4.8.4/../../../../arm-none-eabi/lib/armv7e-m\libc.a(lib_a-exit.o) (__call_exitprocs)
d:/armgcc/bin/../lib/gcc/arm-none-eabi/4.8.4/../../../../arm-none-eabi/lib/armv7e-m\libc.a(lib_a-abort.o)
                              d:/armgcc/bin/../lib/gcc/arm-none-eabi/4.8.4/../../../../arm-none-eabi/lib/armv7e-m\libc.a(lib_a-assert.o) (abort)
d:/armgcc/bin/../lib/gcc/arm-none-eabi/4.8.4/../../../../arm-none-eabi/lib/armv7e-m\libc.a(lib_a-atexit.o)
                              d:/armgcc/bin/../lib/gcc/arm-none-eabi/4.8.4/../../../../arm-none-eabi/lib/armv7e-m\libc.a(lib_a-__call_atexit.o) (atexit)
d:/armgcc/bin/../lib/gcc/arm-none-eabi/4.8.4/../../../../arm-none-eabi/lib/armv7e-m\libc.a(lib_a-fflush.o)
                              d:/armgcc/bin/../lib/gcc/arm-none-eabi/4.8.4/../../../../arm-none-eabi/lib/armv7e-m\libc.a(lib_a-vfiprintf.o) (_fflush_r)
d:/armgcc/bin/../lib/gcc/arm-none-eabi/4.8.4/../../../../arm-none-eabi/lib/armv7e-m\libc.a(lib_a-findfp.o)
                              d:/armgcc/bin/../lib/gcc/arm-none-eabi/4.8.4/../../../../arm-none-eabi/lib/armv7e-m\libc.a(lib_a-vfiprintf.o) (__sinit)
d:/armgcc/bin/../lib/gcc/arm-none-eabi/4.8.4/../../../../arm-none-eabi/lib/armv7e-m\libc.a(lib_a-fini.o)
                              d:/armgcc/bin/../lib/gcc/arm-none-eabi/4.8.4/../../../../arm-none-eabi/lib/armv7e-m\libc.a(lib_a-__call_atexit.o) (__libc_fini_array)
d:/armgcc/bin/../lib/gcc/arm-none-eabi/4.8.4/../../../../arm-none-eabi/lib/armv7e-m\libc.a(lib_a-fputwc.o)
                              d:/armgcc/bin/../lib/gcc/arm-none-eabi/4.8.4/../../../../arm-none-eabi/lib/armv7e-m\libc.a(lib_a-vfiprintf.o) (_fputwc_r)
d:/armgcc/bin/../lib/gcc/arm-none-eabi/4.8.4/../../../../arm-none-eabi/lib/armv7e-m\libc.a(lib_a-freer.o)
                              d:/armgcc/bin/../lib/gcc/arm-none-eabi/4.8.4/../../../../arm-none-eabi/lib/armv7e-m\libc.a(lib_a-wsetup.o) (_free_r)
d:/armgcc/bin/../lib/gcc/arm-none-eabi/4.8.4/../../../../arm-none-eabi/lib/armv7e-m\libc.a(lib_a-fvwrite.o)
                              d:/armgcc/bin/../lib/gcc/arm-none-eabi/4.8.4/../../../../arm-none-eabi/lib/armv7e-m\libc.a(lib_a-vfiprintf.o) (__sfvwrite_r)
d:/armgcc/bin/../lib/gcc/arm-none-eabi/4.8.4/../../../../arm-none-eabi/lib/armv7e-m\libc.a(lib_a-fwalk.o)
                              d:/armgcc/bin/../lib/gcc/arm-none-eabi/4.8.4/../../../../arm-none-eabi/lib/armv7e-m\libc.a(lib_a-findfp.o) (_fwalk)
d:/armgcc/bin/../lib/gcc/arm-none-eabi/4.8.4/../../../../arm-none-eabi/lib/armv7e-m\libc.a(lib_a-locale.o)
                              d:/armgcc/bin/../lib/gcc/arm-none-eabi/4.8.4/../../../../arm-none-eabi/lib/armv7e-m\libc.a(lib_a-fputwc.o) (__locale_mb_cur_max)
d:/armgcc/bin/../lib/gcc/arm-none-eabi/4.8.4/../../../../arm-none-eabi/lib/armv7e-m\libc.a(lib_a-makebuf.o)
[...]
Memory Configuration

Name             Origin             Length             Attributes
rom              0x00400000         0x00080000         xr
ram              0x20000000         0x00020000         xrw
*default*        0x00000000         0xffffffff

Linker script and memory map

LOAD d:/armgcc/bin/../lib/gcc/arm-none-eabi/4.8.4/armv7e-m/crti.o
LOAD d:/armgcc/bin/../lib/gcc/arm-none-eabi/4.8.4/armv7e-m/crtbegin.o
LOAD d:/armgcc/bin/../lib/gcc/arm-none-eabi/4.8.4/../../../../arm-none-eabi/lib/armv7e-m/crt0.o
LOAD out/apps/main.o
LOAD out/apps/src/IRQ.o
LOAD out/apps/src/LED.o
LOAD out/apps/src/VGA_Out_apps.o
LOAD out/apps/src/mspi_apps.o
LOAD out/apps/src/Drawing_apps.o
LOAD out/apps/src/fonts/Sinclair_S.o
LOAD out/apps/src/fonts/Sinclair_Inverted_S.o
LOAD out/cmsis_boot/system_sam4s.o
LOAD out/cmsis_boot/startup/startup_sam4s.o
LOAD out/SAM4S_StdPeriph_Driver/Source/SAM4S/source/pio.o
LOAD out/SAM4S_StdPeriph_Driver/Source/SAM4S/source/tc.o
LOAD out/SAM4S_StdPeriph_Driver/Source/SAM4S/source/pmc.o
LOAD out/SAM4S_StdPeriph_Driver/Source/SAM4S/source/hsmci_pdc.o
LOAD out/SAM4S_StdPeriph_Driver/Source/SAM4S/source/spi.o
LOAD d:/armgcc/bin/../lib/gcc/arm-none-eabi/4.8.4/../../../../arm-none-eabi/lib/armv7e-m\libc.a
LOAD d:/armgcc/bin/../lib/gcc/arm-none-eabi/4.8.4/../../../../arm-none-eabi/lib/armv7e-m\libnosys.a
LOAD d:/armgcc/bin/../lib/gcc/arm-none-eabi/4.8.4/../../../../arm-none-eabi/lib/armv7e-m\libm.a
LOAD d:/armgcc/bin/../lib/gcc/arm-none-eabi/4.8.4/armv7e-m\libgcc.a
START GROUP
LOAD d:/armgcc/bin/../lib/gcc/arm-none-eabi/4.8.4/armv7e-m\libgcc.a
LOAD d:/armgcc/bin/../lib/gcc/arm-none-eabi/4.8.4/../../../../arm-none-eabi/lib/armv7e-m\libg.a
LOAD d:/armgcc/bin/../lib/gcc/arm-none-eabi/4.8.4/../../../../arm-none-eabi/lib/armv7e-m\libc.a
END GROUP
START GROUP
LOAD d:/armgcc/bin/../lib/gcc/arm-none-eabi/4.8.4/armv7e-m\libgcc.a
LOAD d:/armgcc/bin/../lib/gcc/arm-none-eabi/4.8.4/../../../../arm-none-eabi/lib/armv7e-m\libc.a
LOAD d:/armgcc/bin/../lib/gcc/arm-none-eabi/4.8.4/../../../../arm-none-eabi/lib/armv7e-m\libnosys.a
END GROUP
LOAD d:/armgcc/bin/../lib/gcc/arm-none-eabi/4.8.4/armv7e-m/crtend.o
LOAD d:/armgcc/bin/../lib/gcc/arm-none-eabi/4.8.4/armv7e-m/crtn.o
                0x00003000                STACK_SIZE = DEFINED (STACK_SIZE)?STACK_SIZE:0x3000

.text           0x00400000     0x70e0
                0x00400000                . = ALIGN (0x4)
                0x00400000                _sfixed = .
 *(.vectors .vectors.*)
 .vectors       0x00400000       0xcc out/cmsis_boot/startup/startup_sam4s.o
                0x00400000                exception_table
 *(.text .text.* .gnu.linkonce.t.*)
 .text          0x004000cc       0x54 d:/armgcc/bin/../lib/gcc/arm-none-eabi/4.8.4/armv7e-m/crtbegin.o
 .text          0x00400120      0x610 out/apps/main.o
                0x004001ac                mydelay
                0x004001c8                main
 .text          0x00400730       0x44 out/apps/src/IRQ.o
                0x00400730                SysTick_Handler
 .text          0x00400774       0x54 out/apps/src/LED.o
                0x00400774                LedInit
                0x00400784                LedOn
                0x00400794                LedOff
                0x004007a4                LedToggle
 .text          0x004007c8      0x4b8 out/apps/src/VGA_Out_apps.o
                0x00400898                TC0_IRQHandler
                0x004008cc                TC1_IRQHandler
                0x004008e8                HSMCI_IRQHandler
                0x00400964                ConfigTCPins
                0x00400974                ConfigTCInterrupt
                0x004009ac                ConfigHVSynchroOut
                0x00400a50                HSMCI_Init
                0x00400b08                ColorColumnGradation4bit
                0x00400b9c                Frame4bit
                0x00400c6c                StartVGAOut
 .text          0x00400c80       0x74 out/apps/src/mspi_apps.o
                0x00400c80                PIOA_IRQHandler
                0x00400c90                SPI_IRQHandler
                0x00400cb0                mSpiSart
 .text          0x00400cf4     0x1430 out/apps/src/Drawing_apps.o
                0x004011b4                gDrawAPointColour
                0x00401258                gReadAPointColour
                0x00401368                gDrawALineColour
                0x004016b8                gDrawARectangleColour
                0x004019d8                gDrawAAsciiSymbolColour
                0x00401b38                gDrawAEllipseColour
                0x0040200c                gSetADrawFrame
 .text          0x00402124      0x2a0 out/cmsis_boot/system_sam4s.o
                0x00402124                SystemCoreClockUpdate
                0x004022bc                SystemInit
 .text          0x004023c4       0x80 out/cmsis_boot/startup/startup_sam4s.o
                0x004023c4                Reset_Handler
                0x00402440                TWI1_IRQHandler
                0x00402440                EFC_IRQHandler
                0x00402440                HardFault_Handler
                0x00402440                RSTC_IRQHandler
                0x00402440                PendSV_Handler
                0x00402440                NMI_Handler
                0x00402440                PIOB_IRQHandler
                0x00402440                UART1_IRQHandler
                0x00402440                TWI0_IRQHandler
                0x00402440                SSC_IRQHandler
                0x00402440                UART0_IRQHandler
                0x00402440                UsageFault_Handler
                0x00402440                TC3_IRQHandler
                0x00402440                RTC_IRQHandler
                0x00402440                DebugMon_Handler
                0x00402440                ACC_IRQHandler
                0x00402440                Dummy_Handler
                0x00402440                TC5_IRQHandler
                0x00402440                USART0_IRQHandler
                0x00402440                SUPC_IRQHandler
                0x00402440                TC4_IRQHandler
                0x00402440                ADC_IRQHandler
                0x00402440                PIOC_IRQHandler
                0x00402440                MemManage_Handler
                0x00402440                UDP_IRQHandler
                0x00402440                WDT_IRQHandler
                0x00402440                SVC_Handler
                0x00402440                PMC_IRQHandler
                0x00402440                PWM_IRQHandler
                0x00402440                BusFault_Handler
                0x00402440                USART1_IRQHandler
                0x00402440                TC2_IRQHandler
                0x00402440                CRCCU_IRQHandler
                0x00402440                RTT_IRQHandler
                0x00402440                DACC_IRQHandler
 .text          0x00402444      0x4d4 out/SAM4S_StdPeriph_Driver/Source/SAM4S/source/pio.o
                0x0040269c                PIO_Configure
                0x004027f4                PIO_Set
                0x00402808                PIO_Clear
                0x0040281c                PIO_Get
                0x0040285c                PIO_GetOutputDataStatus
                0x0040287c                PIO_SetDebounceFilter
                0x004028b0                PIO_EnableWriteProtect
                0x004028cc                PIO_DisableWriteProtect
                0x004028e8                PIO_GetWriteProtectViolationInfo
                0x00402900                PIO_SetPinType
 .text          0x00402918      0x358 out/SAM4S_StdPeriph_Driver/Source/SAM4S/source/tc.o
                0x00402918                TC_Configure
                0x00402968                TC_SetBlockMode
                0x0040297c                TC_WriteRa
                0x004029b8                TC_WriteRb
                0x004029f4                TC_WriteRc
                0x00402a30                TC_EnableInterrupt
                0x00402a70                TC_DisableInterrupt
                0x00402ab0                TC_GetInterruptMask
                0x00402aec                TC_GetStatus
                0x00402b28                TC_Start
                0x00402b64                TC_Stop
                0x00402ba0                TC_FindMckDivisor
                0x00402c44                TC_SetWriteprotect
 .text          0x00402c70      0x268 out/SAM4S_StdPeriph_Driver/Source/SAM4S/source/pmc.o
                0x00402c70                PMC_SetWriteprotect
                0x00402c9c                PMC_EnablePeripheral
                0x00402d40                PMC_DisablePeripheral
                0x00402de4                PMC_EnableAllPeripherals
                0x00402e34                PMC_DisableAllPeripherals
                0x00402e80                PMC_IsPeriphEnabled
 .text          0x00402ed8      0x408 out/SAM4S_StdPeriph_Driver/Source/SAM4S/source/hsmci_pdc.o
                0x00402ed8                MCI_Enable
                0x00402ee8                MCI_Disable
                0x00402ef8                MCI_Init
                0x00402f98                MCI_Reset
                0x00403070                MCI_SetSpeed
                0x00403160                MCI_EnableHsMode
                0x0040322c                MCI_SetBusWidth
 .text          0x004032e0      0x270 out/SAM4S_StdPeriph_Driver/Source/SAM4S/source/spi.o
                0x004032e0                SPI_Enable
                0x004032f0                SPI_Disable
                0x00403300                SPI_EnableIt
                0x00403310                SPI_DisableIt
                0x00403320                SPI_Configure
                0x00403350                SPI_ConfigureNPCS
                0x00403368                SPI_GetStatus
                0x00403378                SPI_Read
                0x00403398                SPI_Write
                0x004033e0                SPI_IsFinished
                0x004033fc                SPI_PdcEnableTx
                0x00403410                SPI_PdcDisableTx
                0x00403424                SPI_PdcEnableRx
                0x00403434                SPI_PdcDisableRx
                0x00403444                SPI_PdcSetTx
                0x00403474                SPI_PdcSetRx
                0x004034a4                SPI_WriteBuffer
                0x004034fc                SPI_ReadBuffer
 .text.__assert_func
                0x00403550       0x3c d:/armgcc/bin/../lib/gcc/arm-none-eabi/4.8.4/../../../../arm-none-eabi/lib/armv7e-m\libc.a(lib_a-assert.o)
                0x00403550                __assert_func
 .text.fiprintf
                0x0040358c       0x28 d:/armgcc/bin/../lib/gcc/arm-none-eabi/4.8.4/../../../../arm-none-eabi/lib/armv7e-m\libc.a(lib_a-fiprintf.o)
                0x0040358c                fiprintf
 .text.__libc_init_array
                0x004035b4       0x50 d:/armgcc/bin/../lib/gcc/arm-none-eabi/4.8.4/../../../../arm-none-eabi/lib/armv7e-m\libc.a(lib_a-init.o)
                0x004035b4                __libc_init_array
 .text.memset   0x00403604       0x94 d:/armgcc/bin/../lib/gcc/arm-none-eabi/4.8.4/../../../../arm-none-eabi/lib/armv7e-m\libc.a(lib_a-memset.o)
                0x00403604                memset
 .text.__sprint_r.part.0
                0x00403698       0x78 d:/armgcc/bin/../lib/gcc/arm-none-eabi/4.8.4/../../../../arm-none-eabi/lib/armv7e-m\libc.a(lib_a-vfiprintf.o)
 .text._vfiprintf_r
                0x00403710      0xc54 d:/armgcc/bin/../lib/gcc/arm-none-eabi/4.8.4/../../../../arm-none-eabi/lib/armv7e-m\libc.a(lib_a-vfiprintf.o)
                0x00403710                _vfiprintf_r
 .text.__sbprintf
                0x00404364       0x78 d:/armgcc/bin/../lib/gcc/arm-none-eabi/4.8.4/../../../../arm-none-eabi/lib/armv7e-m\libc.a(lib_a-vfiprintf.o)
 .text.__swsetup_r
                0x004043dc       0xc4 d:/armgcc/bin/../lib/gcc/arm-none-eabi/4.8.4/../../../../arm-none-eabi/lib/armv7e-m\libc.a(lib_a-wsetup.o)
                0x004043dc                __swsetup_r
 .text.startup.register_fini
                0x004044a0       0x14 d:/armgcc/bin/../lib/gcc/arm-none-eabi/4.8.4/../../../../arm-none-eabi/lib/armv7e-m\libc.a(lib_a-__call_atexit.o)
 .text.abort    0x004044b4       0x10 d:/armgcc/bin/../lib/gcc/arm-none-eabi/4.8.4/../../../../arm-none-eabi/lib/armv7e-m\libc.a(lib_a-abort.o)
                0x004044b4                abort
 .text.atexit   0x004044c4        0xc d:/armgcc/bin/../lib/gcc/arm-none-eabi/4.8.4/../../../../arm-none-eabi/lib/armv7e-m\libc.a(lib_a-atexit.o)
                0x004044c4                atexit
 .text.__sflush_r
                0x004044d0      0x154 d:/armgcc/bin/../lib/gcc/arm-none-eabi/4.8.4/../../../../arm-none-eabi/lib/armv7e-m\libc.a(lib_a-fflush.o)
                0x004044d0                __sflush_r
 .text._fflush_r
                0x00404624       0x2c d:/armgcc/bin/../lib/gcc/arm-none-eabi/4.8.4/../../../../arm-none-eabi/lib/armv7e-m\libc.a(lib_a-fflush.o)
                0x00404624                _fflush_r
 .text._cleanup_r
                0x00404650        0xc d:/armgcc/bin/../lib/gcc/arm-none-eabi/4.8.4/../../../../arm-none-eabi/lib/armv7e-m\libc.a(lib_a-findfp.o)
                0x00404650                _cleanup_r
 .text.__sinit  0x0040465c       0xf4 d:/armgcc/bin/../lib/gcc/arm-none-eabi/4.8.4/../../../../arm-none-eabi/lib/armv7e-m\libc.a(lib_a-findfp.o)
                0x0040465c                __sinit
 .text.__sfp_lock_acquire
                0x00404750        0x4 d:/armgcc/bin/../lib/gcc/arm-none-eabi/4.8.4/../../../../arm-none-eabi/lib/armv7e-m\libc.a(lib_a-findfp.o)
                0x00404750                __sfp_lock_acquire
 .text.__sfp_lock_release
                0x00404754        0x4 d:/armgcc/bin/../lib/gcc/arm-none-eabi/4.8.4/../../../../arm-none-eabi/lib/armv7e-m\libc.a(lib_a-findfp.o)
                0x00404754                __sfp_lock_release
 .text.__libc_fini_array
                0x00404758       0x30 d:/armgcc/bin/../lib/gcc/arm-none-eabi/4.8.4/../../../../arm-none-eabi/lib/armv7e-m\libc.a(lib_a-fini.o)
                0x00404758                __libc_fini_array
 .text._fputwc_r
                0x00404788       0xbc d:/armgcc/bin/../lib/gcc/arm-none-eabi/4.8.4/../../../../arm-none-eabi/lib/armv7e-m\libc.a(lib_a-fputwc.o)
                0x00404788                _fputwc_r
 .text._malloc_trim_r
                0x00404844       0x9c d:/armgcc/bin/../lib/gcc/arm-none-eabi/4.8.4/../../../../arm-none-eabi/lib/armv7e-m\libc.a(lib_a-freer.o)
                0x00404844                _malloc_trim_r
 .text._free_r  0x004048e0      0x19c d:/armgcc/bin/../lib/gcc/arm-none-eabi/4.8.4/../../../../arm-none-eabi/lib/armv7e-m\libc.a(lib_a-freer.o)
                0x004048e0                _free_r
 .text.__sfvwrite_r
                0x00404a7c      0x318 d:/armgcc/bin/../lib/gcc/arm-none-eabi/4.8.4/../../../../arm-none-eabi/lib/armv7e-m\libc.a(lib_a-fvwrite.o)
                0x00404a7c                __sfvwrite_r
 .text._fwalk   0x00404d94       0x4c d:/armgcc/bin/../lib/gcc/arm-none-eabi/4.8.4/../../../../arm-none-eabi/lib/armv7e-m\libc.a(lib_a-fwalk.o)
                0x00404d94                _fwalk
 .text.__locale_charset
                0x00404de0        0x8 d:/armgcc/bin/../lib/gcc/arm-none-eabi/4.8.4/../../../../arm-none-eabi/lib/armv7e-m\libc.a(lib_a-locale.o)
                0x00404de0                __locale_charset
 .text.__locale_mb_cur_max
                0x00404de8        0xc d:/armgcc/bin/../lib/gcc/arm-none-eabi/4.8.4/../../../../arm-none-eabi/lib/armv7e-m\libc.a(lib_a-locale.o)
                0x00404de8                __locale_mb_cur_max
 .text.__smakebuf_r
                0x00404df4       0xe0 d:/armgcc/bin/../lib/gcc/arm-none-eabi/4.8.4/../../../../arm-none-eabi/lib/armv7e-m\libc.a(lib_a-makebuf.o)
                0x00404df4                __smakebuf_r
 .text._malloc_r
                0x00404ed4      0x538 d:/armgcc/bin/../lib/gcc/arm-none-eabi/4.8.4/../../../../arm-none-eabi/lib/armv7e-m\libc.a(lib_a-mallocr.o)
                0x00404ed4                _malloc_r
 .text.memchr   0x0040540c       0x90 d:/armgcc/bin/../lib/gcc/arm-none-eabi/4.8.4/../../../../arm-none-eabi/lib/armv7e-m\libc.a(lib_a-memchr-stub.o)
                0x0040540c                memchr
 .text          0x0040549c      0x134 d:/armgcc/bin/../lib/gcc/arm-none-eabi/4.8.4/../../../../arm-none-eabi/lib/armv7e-m\libc.a(lib_a-memcpy.o)
                0x0040549c                memcpy
 .text.memmove  0x004055d0       0xc0 d:/armgcc/bin/../lib/gcc/arm-none-eabi/4.8.4/../../../../arm-none-eabi/lib/armv7e-m\libc.a(lib_a-memmove.o)
                0x004055d0                memmove
 .text.__malloc_lock
                0x00405690        0x4 d:/armgcc/bin/../lib/gcc/arm-none-eabi/4.8.4/../../../../arm-none-eabi/lib/armv7e-m\libc.a(lib_a-mlock.o)
                0x00405690                __malloc_lock
 .text.__malloc_unlock
                0x00405694        0x4 d:/armgcc/bin/../lib/gcc/arm-none-eabi/4.8.4/../../../../arm-none-eabi/lib/armv7e-m\libc.a(lib_a-mlock.o)
                0x00405694                __malloc_unlock
 .text._realloc_r
                0x00405698      0x3cc d:/armgcc/bin/../lib/gcc/arm-none-eabi/4.8.4/../../../../arm-none-eabi/lib/armv7e-m\libc.a(lib_a-reallocr.o)
                0x00405698                _realloc_r
 .text._sbrk_r  0x00405a64       0x24 d:/armgcc/bin/../lib/gcc/arm-none-eabi/4.8.4/../../../../arm-none-eabi/lib/armv7e-m\libc.a(lib_a-sbrkr.o)
                0x00405a64                _sbrk_r
 .text._raise_r
                0x00405a88       0x58 d:/armgcc/bin/../lib/gcc/arm-none-eabi/4.8.4/../../../../arm-none-eabi/lib/armv7e-m\libc.a(lib_a-signal.o)
                0x00405a88                _raise_r
 .text.raise    0x00405ae0       0x10 d:/armgcc/bin/../lib/gcc/arm-none-eabi/4.8.4/../../../../arm-none-eabi/lib/armv7e-m\libc.a(lib_a-signal.o)
                0x00405ae0                raise
 .text._kill_r  0x00405af0       0x28 d:/armgcc/bin/../lib/gcc/arm-none-eabi/4.8.4/../../../../arm-none-eabi/lib/armv7e-m\libc.a(lib_a-signalr.o)
                0x00405af0                _kill_r
 .text._getpid_r
                0x00405b18        0x4 d:/armgcc/bin/../lib/gcc/arm-none-eabi/4.8.4/../../../../arm-none-eabi/lib/armv7e-m\libc.a(lib_a-signalr.o)
                0x00405b18                _getpid_r
 .text.__sread  0x00405b1c       0x24 d:/armgcc/bin/../lib/gcc/arm-none-eabi/4.8.4/../../../../arm-none-eabi/lib/armv7e-m\libc.a(lib_a-stdio.o)
                0x00405b1c                __sread
 .text.__swrite
                0x00405b40       0x38 d:/armgcc/bin/../lib/gcc/arm-none-eabi/4.8.4/../../../../arm-none-eabi/lib/armv7e-m\libc.a(lib_a-stdio.o)
                0x00405b40                __swrite
 .text.__sseek  0x00405b78       0x20 d:/armgcc/bin/../lib/gcc/arm-none-eabi/4.8.4/../../../../arm-none-eabi/lib/armv7e-m\libc.a(lib_a-stdio.o)
                0x00405b78                __sseek
 .text.__sclose
                0x00405b98        0x8 d:/armgcc/bin/../lib/gcc/arm-none-eabi/4.8.4/../../../../arm-none-eabi/lib/armv7e-m\libc.a(lib_a-stdio.o)
                0x00405b98                __sclose
 .text.strlen   0x00405ba0       0x60 d:/armgcc/bin/../lib/gcc/arm-none-eabi/4.8.4/../../../../arm-none-eabi/lib/armv7e-m\libc.a(lib_a-strlen.o)
                0x00405ba0                strlen
 .text.__swbuf_r
                0x00405c00       0xa8 d:/armgcc/bin/../lib/gcc/arm-none-eabi/4.8.4/../../../../arm-none-eabi/lib/armv7e-m\libc.a(lib_a-wbuf.o)
                0x00405c00                __swbuf_r
 .text._wcrtomb_r
                0x00405ca8       0x50 d:/armgcc/bin/../lib/gcc/arm-none-eabi/4.8.4/../../../../arm-none-eabi/lib/armv7e-m\libc.a(lib_a-wcrtomb.o)
                0x00405ca8                _wcrtomb_r
 .text.__ascii_wctomb
                0x00405cf8       0x1c d:/armgcc/bin/../lib/gcc/arm-none-eabi/4.8.4/../../../../arm-none-eabi/lib/armv7e-m\libc.a(lib_a-wctomb_r.o)
                0x00405cf8                __ascii_wctomb
 .text._write_r
                0x00405d14       0x28 d:/armgcc/bin/../lib/gcc/arm-none-eabi/4.8.4/../../../../arm-none-eabi/lib/armv7e-m\libc.a(lib_a-writer.o)
                0x00405d14                _write_r
 .text.__register_exitproc
                0x00405d3c       0xa8 d:/armgcc/bin/../lib/gcc/arm-none-eabi/4.8.4/../../../../arm-none-eabi/lib/armv7e-m\libc.a(lib_a-__atexit.o)
                0x00405d3c                __register_exitproc
 .text._close_r
                0x00405de4       0x24 d:/armgcc/bin/../lib/gcc/arm-none-eabi/4.8.4/../../../../arm-none-eabi/lib/armv7e-m\libc.a(lib_a-closer.o)
                0x00405de4                _close_r
 .text._fclose_r
                0x00405e08       0x80 d:/armgcc/bin/../lib/gcc/arm-none-eabi/4.8.4/../../../../arm-none-eabi/lib/armv7e-m\libc.a(lib_a-fclose.o)
                0x00405e08                _fclose_r
 .text.fclose   0x00405e88       0x10 d:/armgcc/bin/../lib/gcc/arm-none-eabi/4.8.4/../../../../arm-none-eabi/lib/armv7e-m\libc.a(lib_a-fclose.o)
                0x00405e88                fclose
 .text._fstat_r
                0x00405e98       0x28 d:/armgcc/bin/../lib/gcc/arm-none-eabi/4.8.4/../../../../arm-none-eabi/lib/armv7e-m\libc.a(lib_a-fstatr.o)
                0x00405e98                _fstat_r
 .text._isatty_r
                0x00405ec0       0x24 d:/armgcc/bin/../lib/gcc/arm-none-eabi/4.8.4/../../../../arm-none-eabi/lib/armv7e-m\libc.a(lib_a-isattyr.o)
                0x00405ec0                _isatty_r
 .text._lseek_r
                0x00405ee4       0x28 d:/armgcc/bin/../lib/gcc/arm-none-eabi/4.8.4/../../../../arm-none-eabi/lib/armv7e-m\libc.a(lib_a-lseekr.o)
                0x00405ee4                _lseek_r
 .text._read_r  0x00405f0c       0x28 d:/armgcc/bin/../lib/gcc/arm-none-eabi/4.8.4/../../../../arm-none-eabi/lib/armv7e-m\libc.a(lib_a-readr.o)
                0x00405f0c                _read_r
 .text._close   0x00405f34       0x10 d:/armgcc/bin/../lib/gcc/arm-none-eabi/4.8.4/../../../../arm-none-eabi/lib/armv7e-m\libnosys.a(close.o)
                0x00405f34                _close
 .text._fstat   0x00405f44       0x10 d:/armgcc/bin/../lib/gcc/arm-none-eabi/4.8.4/../../../../arm-none-eabi/lib/armv7e-m\libnosys.a(fstat.o)
                0x00405f44                _fstat
 .text._getpid  0x00405f54       0x10 d:/armgcc/bin/../lib/gcc/arm-none-eabi/4.8.4/../../../../arm-none-eabi/lib/armv7e-m\libnosys.a(getpid.o)
                0x00405f54                _getpid
 .text._isatty  0x00405f64       0x10 d:/armgcc/bin/../lib/gcc/arm-none-eabi/4.8.4/../../../../arm-none-eabi/lib/armv7e-m\libnosys.a(isatty.o)
                0x00405f64                _isatty
 .text._kill    0x00405f74       0x10 d:/armgcc/bin/../lib/gcc/arm-none-eabi/4.8.4/../../../../arm-none-eabi/lib/armv7e-m\libnosys.a(kill.o)
                0x00405f74                _kill
 .text._lseek   0x00405f84       0x10 d:/armgcc/bin/../lib/gcc/arm-none-eabi/4.8.4/../../../../arm-none-eabi/lib/armv7e-m\libnosys.a(lseek.o)
                0x00405f84                _lseek
 .text._read    0x00405f94       0x10 d:/armgcc/bin/../lib/gcc/arm-none-eabi/4.8.4/../../../../arm-none-eabi/lib/armv7e-m\libnosys.a(read.o)
                0x00405f94                _read
 .text._sbrk    0x00405fa4       0x34 d:/armgcc/bin/../lib/gcc/arm-none-eabi/4.8.4/../../../../arm-none-eabi/lib/armv7e-m\libnosys.a(sbrk.o)
                0x00405fa4                _sbrk
 .text._write   0x00405fd8       0x10 d:/armgcc/bin/../lib/gcc/arm-none-eabi/4.8.4/../../../../arm-none-eabi/lib/armv7e-m\libnosys.a(write.o)
                0x00405fd8                _write
 .text._exit    0x00405fe8        0x4 d:/armgcc/bin/../lib/gcc/arm-none-eabi/4.8.4/../../../../arm-none-eabi/lib/armv7e-m\libnosys.a(_exit.o)
                0x00405fe8                _exit
 .text          0x00405fec       0x2c d:/armgcc/bin/../lib/gcc/arm-none-eabi/4.8.4/armv7e-m\libgcc.a(_aeabi_uldivmod.o)
                0x00405fec                __aeabi_uldivmod
 .text          0x00406018       0x60 d:/armgcc/bin/../lib/gcc/arm-none-eabi/4.8.4/armv7e-m\libgcc.a(bpabi.o)
                0x00406018                __gnu_ldivmod_helper
                0x00406048                __gnu_uldivmod_helper
 .text          0x00406078        0x4 d:/armgcc/bin/../lib/gcc/arm-none-eabi/4.8.4/armv7e-m\libgcc.a(_dvmd_tls.o)
                0x00406078                __aeabi_idiv0
                0x00406078                __aeabi_ldiv0
 .text          0x0040607c      0x298 d:/armgcc/bin/../lib/gcc/arm-none-eabi/4.8.4/armv7e-m\libgcc.a(_divdi3.o)
                0x0040607c                __divdi3
 .text          0x00406314      0x284 d:/armgcc/bin/../lib/gcc/arm-none-eabi/4.8.4/armv7e-m\libgcc.a(_udivdi3.o)
                0x00406314                __udivdi3
 *(.glue_7t)
 .glue_7t       0x00000000        0x0 linker stubs
 *(.glue_7)
 .glue_7        0x00000000        0x0 linker stubs
 *(.rodata .rodata* .gnu.linkonce.r.*)
 .rodata        0x00406598        0x8 out/apps/src/Drawing_apps.o
                0x00406598                gap_fonts
 .rodata        0x004065a0      0x3fc out/apps/src/fonts/Sinclair_S.o
                0x004065a0                Sinclair_S
 .rodata        0x0040699c      0x3fc out/apps/src/fonts/Sinclair_Inverted_S.o
                0x0040699c                Sinclair_Inverted_S
 .rodata        0x00406d98      0x154 out/SAM4S_StdPeriph_Driver/Source/SAM4S/source/tc.o
 .rodata        0x00406eec       0x84 out/SAM4S_StdPeriph_Driver/Source/SAM4S/source/pmc.o
 .rodata        0x00406f70       0xb4 out/SAM4S_StdPeriph_Driver/Source/SAM4S/source/hsmci_pdc.o
 .rodata.str1.4
                0x00407024       0x3f d:/armgcc/bin/../lib/gcc/arm-none-eabi/4.8.4/../../../../arm-none-eabi/lib/armv7e-m\libc.a(lib_a-assert.o)
                                 0x44 (size before relaxing)
 *fill*         0x00407063        0x1 
 .rodata.str1.4
                0x00407064        0x2 d:/armgcc/bin/../lib/gcc/arm-none-eabi/4.8.4/../../../../arm-none-eabi/lib/armv7e-m\libc.a(lib_a-impure.o)
                                  0x4 (size before relaxing)
 *fill*         0x00407066        0x2 
 .rodata._global_impure_ptr
                0x00407068        0x4 d:/armgcc/bin/../lib/gcc/arm-none-eabi/4.8.4/../../../../arm-none-eabi/lib/armv7e-m\libc.a(lib_a-impure.o)
                0x00407068                _global_impure_ptr
 .rodata.str1.4
                0x0040706c       0x30 d:/armgcc/bin/../lib/gcc/arm-none-eabi/4.8.4/../../../../arm-none-eabi/lib/armv7e-m\libc.a(lib_a-vfiprintf.o)
 .rodata.zeroes.6721
                0x0040709c       0x10 d:/armgcc/bin/../lib/gcc/arm-none-eabi/4.8.4/../../../../arm-none-eabi/lib/armv7e-m\libc.a(lib_a-vfiprintf.o)
 .rodata.blanks.6720
                0x004070ac       0x10 d:/armgcc/bin/../lib/gcc/arm-none-eabi/4.8.4/../../../../arm-none-eabi/lib/armv7e-m\libc.a(lib_a-vfiprintf.o)
 *(.ARM.extab* .gnu.linkonce.armextab.*)
                0x004070bc                . = ALIGN (0x4)
 *(.init)
 .init          0x004070bc        0x4 d:/armgcc/bin/../lib/gcc/arm-none-eabi/4.8.4/armv7e-m/crti.o
                0x004070bc                _init
 .init          0x004070c0        0x8 d:/armgcc/bin/../lib/gcc/arm-none-eabi/4.8.4/armv7e-m/crtn.o
                0x004070c8                . = ALIGN (0x4)
                0x004070c8                __preinit_array_start = .
 *(.preinit_array)
                0x004070c8                __preinit_array_end = .
                0x004070c8                . = ALIGN (0x4)
                0x004070c8                __init_array_start = .
 *(SORT(.init_array.*))
 .init_array.00000
                0x004070c8        0x4 d:/armgcc/bin/../lib/gcc/arm-none-eabi/4.8.4/../../../../arm-none-eabi/lib/armv7e-m\libc.a(lib_a-__call_atexit.o)
 *(.init_array)
 .init_array    0x004070cc        0x4 d:/armgcc/bin/../lib/gcc/arm-none-eabi/4.8.4/armv7e-m/crtbegin.o
                0x004070d0                __init_array_end = .
                0x004070d0                . = ALIGN (0x4)
 *crtbegin.o(.ctors)
 *(EXCLUDE_FILE(*crtend.o) .ctors)
 *(SORT(.ctors.*))
 *crtend.o(.ctors)
                0x004070d0                . = ALIGN (0x4)
 *(.fini)
 .fini          0x004070d0        0x4 d:/armgcc/bin/../lib/gcc/arm-none-eabi/4.8.4/armv7e-m/crti.o
                0x004070d0                _fini
 .fini          0x004070d4        0x8 d:/armgcc/bin/../lib/gcc/arm-none-eabi/4.8.4/armv7e-m/crtn.o
                0x004070dc                . = ALIGN (0x4)
                0x004070dc                __fini_array_start = .
 *(.fini_array)
 .fini_array    0x004070dc        0x4 d:/armgcc/bin/../lib/gcc/arm-none-eabi/4.8.4/armv7e-m/crtbegin.o
 *(SORT(.fini_array.*))
                0x004070e0                __fini_array_end = .
 *crtbegin.o(.dtors)
 *(EXCLUDE_FILE(*crtend.o) .dtors)
 *(SORT(.dtors.*))
 *crtend.o(.dtors)
                0x004070e0                . = ALIGN (0x4)
                0x004070e0                _efixed = .
                0x004070e0                PROVIDE (__exidx_start, .)

.vfp11_veneer   0x004070e0        0x0
 .vfp11_veneer  0x00000000        0x0 linker stubs

.v4_bx          0x004070e0        0x0
 .v4_bx         0x00000000        0x0 linker stubs

.iplt           0x004070e0        0x0
 .iplt          0x00000000        0x0 d:/armgcc/bin/../lib/gcc/arm-none-eabi/4.8.4/armv7e-m/crtbegin.o

.ARM.exidx      0x004070e0        0x8
 *(.ARM.exidx* .gnu.linkonce.armexidx.*)
 .ARM.exidx     0x004070e0        0x8 d:/armgcc/bin/../lib/gcc/arm-none-eabi/4.8.4/armv7e-m\libgcc.a(_divdi3.o)
 .ARM.exidx     0x004070e8        0x0 d:/armgcc/bin/../lib/gcc/arm-none-eabi/4.8.4/armv7e-m\libgcc.a(_udivdi3.o)
                                  0x8 (size before relaxing)
                0x004070e8                PROVIDE (__exidx_end, .)

.eh_frame       0x004070e8        0x0
 .eh_frame      0x004070e8        0x0 d:/armgcc/bin/../lib/gcc/arm-none-eabi/4.8.4/armv7e-m/crtbegin.o

.rel.dyn        0x004070e8        0x0
 .rel.iplt      0x00000000        0x0 d:/armgcc/bin/../lib/gcc/arm-none-eabi/4.8.4/armv7e-m/crtbegin.o

.jcr            0x004070e8        0x0
 .jcr           0x004070e8        0x0 d:/armgcc/bin/../lib/gcc/arm-none-eabi/4.8.4/armv7e-m/crtbegin.o

.igot.plt       0x004070e8        0x0
 .igot.plt      0x00000000        0x0 d:/armgcc/bin/../lib/gcc/arm-none-eabi/4.8.4/armv7e-m/crtbegin.o
                0x004070e8                . = ALIGN (0x4)
                0x004070e8                _etext = .

.relocate       0x20000000      0x8f4 load address 0x004070e8
                0x20000000                . = ALIGN (0x4)
                0x20000000                _srelocate = .
 *(.ramfunc .ramfunc.*)
 *(.data .data.*)
 .data          0x20000000        0xc out/apps/src/LED.o
                0x20000000                pin_LED0
 .data          0x2000000c       0x48 out/apps/src/VGA_Out_apps.o
                0x2000000c                pins_TC
                0x20000024                pins_HSMCI
 .data          0x20000054       0x30 out/apps/src/mspi_apps.o
                0x20000054                pins_MSPI
 .data          0x20000084        0x8 out/apps/src/Drawing_apps.o
 .data          0x2000008c        0x4 out/cmsis_boot/system_sam4s.o
                0x2000008c                SystemCoreClock
 .data.impure_data
                0x20000090      0x428 d:/armgcc/bin/../lib/gcc/arm-none-eabi/4.8.4/../../../../arm-none-eabi/lib/armv7e-m\libc.a(lib_a-impure.o)
 .data._impure_ptr
                0x200004b8        0x4 d:/armgcc/bin/../lib/gcc/arm-none-eabi/4.8.4/../../../../arm-none-eabi/lib/armv7e-m\libc.a(lib_a-impure.o)
                0x200004b8                _impure_ptr
 .data.lc_ctype_charset
                0x200004bc       0x20 d:/armgcc/bin/../lib/gcc/arm-none-eabi/4.8.4/../../../../arm-none-eabi/lib/armv7e-m\libc.a(lib_a-locale.o)
 .data.__mb_cur_max
                0x200004dc        0x4 d:/armgcc/bin/../lib/gcc/arm-none-eabi/4.8.4/../../../../arm-none-eabi/lib/armv7e-m\libc.a(lib_a-locale.o)
                0x200004dc                __mb_cur_max
 .data.__malloc_av_
                0x200004e0      0x408 d:/armgcc/bin/../lib/gcc/arm-none-eabi/4.8.4/../../../../arm-none-eabi/lib/armv7e-m\libc.a(lib_a-mallocr.o)
                0x200004e0                __malloc_av_
 .data.__malloc_trim_threshold
                0x200008e8        0x4 d:/armgcc/bin/../lib/gcc/arm-none-eabi/4.8.4/../../../../arm-none-eabi/lib/armv7e-m\libc.a(lib_a-mallocr.o)
                0x200008e8                __malloc_trim_threshold
 .data.__malloc_sbrk_base
                0x200008ec        0x4 d:/armgcc/bin/../lib/gcc/arm-none-eabi/4.8.4/../../../../arm-none-eabi/lib/armv7e-m\libc.a(lib_a-mallocr.o)
                0x200008ec                __malloc_sbrk_base
 .data.__wctomb
                0x200008f0        0x4 d:/armgcc/bin/../lib/gcc/arm-none-eabi/4.8.4/../../../../arm-none-eabi/lib/armv7e-m\libc.a(lib_a-wctomb_r.o)
                0x200008f0                __wctomb
                0x200008f4                . = ALIGN (0x4)
                0x200008f4                _erelocate = .

.bss            0x200008f4    0x1b604 load address 0x004079dc
                0x200008f4                . = ALIGN (0x4)
                0x200008f4                _sbss = .
                0x200008f4                _szero = .
 *(.bss .bss.*)
 .bss           0x200008f4       0x1c d:/armgcc/bin/../lib/gcc/arm-none-eabi/4.8.4/armv7e-m/crtbegin.o
 .bss           0x20000910        0x8 out/apps/src/IRQ.o
 .bss           0x20000918        0x6 out/apps/src/VGA_Out_apps.o
 *fill*         0x2000091e        0x2 
 .bss.__malloc_max_total_mem
                0x20000920        0x4 d:/armgcc/bin/../lib/gcc/arm-none-eabi/4.8.4/../../../../arm-none-eabi/lib/armv7e-m\libc.a(lib_a-mallocr.o)
                0x20000920                __malloc_max_total_mem
 .bss.__malloc_max_sbrked_mem
                0x20000924        0x4 d:/armgcc/bin/../lib/gcc/arm-none-eabi/4.8.4/../../../../arm-none-eabi/lib/armv7e-m\libc.a(lib_a-mallocr.o)
                0x20000924                __malloc_max_sbrked_mem
 .bss.__malloc_top_pad
                0x20000928        0x4 d:/armgcc/bin/../lib/gcc/arm-none-eabi/4.8.4/../../../../arm-none-eabi/lib/armv7e-m\libc.a(lib_a-mallocr.o)
                0x20000928                __malloc_top_pad
 .bss.__malloc_current_mallinfo
                0x2000092c       0x28 d:/armgcc/bin/../lib/gcc/arm-none-eabi/4.8.4/../../../../arm-none-eabi/lib/armv7e-m\libc.a(lib_a-mallocr.o)
                0x2000092c                __malloc_current_mallinfo
 .bss.heap_end.4246
                0x20000954        0x4 d:/armgcc/bin/../lib/gcc/arm-none-eabi/4.8.4/../../../../arm-none-eabi/lib/armv7e-m\libnosys.a(sbrk.o)
 *(COMMON)
 COMMON         0x20000958        0xf out/apps/main.o
                0x20000958                draw_init
 *fill*         0x20000967        0x1 
 COMMON         0x20000968    0x1b58c out/apps/src/VGA_Out_apps.o
                0x20000968                gs_hsmsi
                0x20000974                ga_Write_Block
 COMMON         0x2001bef4        0x4 d:/armgcc/bin/../lib/gcc/arm-none-eabi/4.8.4/../../../../arm-none-eabi/lib/armv7e-m\libc.a(lib_a-reent.o)
                0x2001bef4                errno
                0x2001bef8                . = ALIGN (0x4)
                0x2001bef8                _ebss = .
                0x2001bef8                _ezero = .

.stack          0x2001bef8     0x3000 load address 0x00422fe0
                0x2001bef8                . = ALIGN (0x8)
                0x2001bef8                _sstack = .
                0x2001eef8                . = (. + STACK_SIZE)
 *fill*         0x2001bef8     0x3000 
                0x2001eef8                . = ALIGN (0x8)
                0x2001eef8                _estack = .
                0x2001eef8                . = ALIGN (0x4)
                0x2001eef8                _end = .
                0x2001eef8                end = .
OUTPUT(out/DTX_1740P.elf elf32-littlearm)

.ARM.attributes
                0x00000000       0x2a
 .ARM.attributes
                0x00000000       0x1e d:/armgcc/bin/../lib/gcc/arm-none-eabi/4.8.4/armv7e-m/crti.o
 .ARM.attributes
                0x0000001e       0x2e d:/armgcc/bin/../lib/gcc/arm-none-eabi/4.8.4/armv7e-m/crtbegin.o
 .ARM.attributes
                0x0000004c       0x33 out/apps/main.o
 .ARM.attributes
                0x0000007f       0x33 out/apps/src/IRQ.o
 .ARM.attributes
                0x000000b2       0x33 out/apps/src/LED.o
 .ARM.attributes
                0x000000e5       0x33 out/apps/src/VGA_Out_apps.o
 .ARM.attributes
                0x00000118       0x33 out/apps/src/mspi_apps.o
 .ARM.attributes
                0x0000014b       0x33 out/apps/src/Drawing_apps.o
 .ARM.attributes
                0x0000017e       0x33 out/apps/src/fonts/Sinclair_S.o
 .ARM.attributes
                0x000001b1       0x33 out/apps/src/fonts/Sinclair_Inverted_S.o
 .ARM.attributes
                0x000001e4       0x33 out/cmsis_boot/system_sam4s.o
 .ARM.attributes
                0x00000217       0x33 out/cmsis_boot/startup/startup_sam4s.o
 .ARM.attributes
                0x0000024a       0x33 out/SAM4S_StdPeriph_Driver/Source/SAM4S/source/pio.o
 .ARM.attributes
                0x0000027d       0x33 out/SAM4S_StdPeriph_Driver/Source/SAM4S/source/tc.o
 .ARM.attributes
                0x000002b0       0x33 out/SAM4S_StdPeriph_Driver/Source/SAM4S/source/pmc.o
 .ARM.attributes
                0x000002e3       0x33 out/SAM4S_StdPeriph_Driver/Source/SAM4S/source/hsmci_pdc.o
 .ARM.attributes
                0x00000316       0x33 out/SAM4S_StdPeriph_Driver/Source/SAM4S/source/spi.o
 .ARM.attributes
                0x00000349       0x2e d:/armgcc/bin/../lib/gcc/arm-none-eabi/4.8.4/../../../../arm-none-eabi/lib/armv7e-m\libc.a(lib_a-assert.o)
 .ARM.attributes
                0x00000377       0x2e d:/armgcc/bin/../lib/gcc/arm-none-eabi/4.8.4/../../../../arm-none-eabi/lib/armv7e-m\libc.a(lib_a-fiprintf.o)
 .ARM.attributes
                0x000003a5       0x2e d:/armgcc/bin/../lib/gcc/arm-none-eabi/4.8.4/../../../../arm-none-eabi/lib/armv7e-m\libc.a(lib_a-impure.o)
 .ARM.attributes
                0x000003d3       0x2e d:/armgcc/bin/../lib/gcc/arm-none-eabi/4.8.4/../../../../arm-none-eabi/lib/armv7e-m\libc.a(lib_a-init.o)
 .ARM.attributes
                0x00000401       0x2e d:/armgcc/bin/../lib/gcc/arm-none-eabi/4.8.4/../../../../arm-none-eabi/lib/armv7e-m\libc.a(lib_a-memset.o)
 .ARM.attributes
                0x0000042f       0x2e d:/armgcc/bin/../lib/gcc/arm-none-eabi/4.8.4/../../../../arm-none-eabi/lib/armv7e-m\libc.a(lib_a-vfiprintf.o)
 .ARM.attributes
                0x0000045d       0x2e d:/armgcc/bin/../lib/gcc/arm-none-eabi/4.8.4/../../../../arm-none-eabi/lib/armv7e-m\libc.a(lib_a-wsetup.o)
 .ARM.attributes
                0x0000048b       0x2e d:/armgcc/bin/../lib/gcc/arm-none-eabi/4.8.4/../../../../arm-none-eabi/lib/armv7e-m\libc.a(lib_a-__call_atexit.o)
 .ARM.attributes
                0x000004b9       0x2e d:/armgcc/bin/../lib/gcc/arm-none-eabi/4.8.4/../../../../arm-none-eabi/lib/armv7e-m\libc.a(lib_a-abort.o)
 .ARM.attributes
                0x000004e7       0x2e d:/armgcc/bin/../lib/gcc/arm-none-eabi/4.8.4/../../../../arm-none-eabi/lib/armv7e-m\libc.a(lib_a-atexit.o)
 .ARM.attributes
                0x00000515       0x2e d:/armgcc/bin/../lib/gcc/arm-none-eabi/4.8.4/../../../../arm-none-eabi/lib/armv7e-m\libc.a(lib_a-fflush.o)
 .ARM.attributes
                0x00000543       0x2e d:/armgcc/bin/../lib/gcc/arm-none-eabi/4.8.4/../../../../arm-none-eabi/lib/armv7e-m\libc.a(lib_a-findfp.o)
 .ARM.attributes
                0x00000571       0x2e d:/armgcc/bin/../lib/gcc/arm-none-eabi/4.8.4/../../../../arm-none-eabi/lib/armv7e-m\libc.a(lib_a-fini.o)
 .ARM.attributes
                0x0000059f       0x2e d:/armgcc/bin/../lib/gcc/arm-none-eabi/4.8.4/../../../../arm-none-eabi/lib/armv7e-m\libc.a(lib_a-fputwc.o)
 .ARM.attributes
                0x000005cd       0x2e d:/armgcc/bin/../lib/gcc/arm-none-eabi/4.8.4/../../../../arm-none-eabi/lib/armv7e-m\libc.a(lib_a-freer.o)
 .ARM.attributes
                0x000005fb       0x2e d:/armgcc/bin/../lib/gcc/arm-none-eabi/4.8.4/../../../../arm-none-eabi/lib/armv7e-m\libc.a(lib_a-fvwrite.o)
 .ARM.attributes
                0x00000629       0x2e d:/armgcc/bin/../lib/gcc/arm-none-eabi/4.8.4/../../../../arm-none-eabi/lib/armv7e-m\libc.a(lib_a-fwalk.o)
 .ARM.attributes
                0x00000657       0x2e d:/armgcc/bin/../lib/gcc/arm-none-eabi/4.8.4/../../../../arm-none-eabi/lib/armv7e-m\libc.a(lib_a-locale.o)
 .ARM.attributes
                0x00000685       0x2e d:/armgcc/bin/../lib/gcc/arm-none-eabi/4.8.4/../../../../arm-none-eabi/lib/armv7e-m\libc.a(lib_a-makebuf.o)
 .ARM.attributes
                0x000006b3       0x2e d:/armgcc/bin/../lib/gcc/arm-none-eabi/4.8.4/../../../../arm-none-eabi/lib/armv7e-m\libc.a(lib_a-mallocr.o)
 .ARM.attributes
                0x000006e1       0x2e d:/armgcc/bin/../lib/gcc/arm-none-eabi/4.8.4/../../../../arm-none-eabi/lib/armv7e-m\libc.a(lib_a-memchr-stub.o)
 .ARM.attributes
                0x0000070f       0x1c d:/armgcc/bin/../lib/gcc/arm-none-eabi/4.8.4/../../../../arm-none-eabi/lib/armv7e-m\libc.a(lib_a-memcpy.o)
 .ARM.attributes
                0x0000072b       0x2e d:/armgcc/bin/../lib/gcc/arm-none-eabi/4.8.4/../../../../arm-none-eabi/lib/armv7e-m\libc.a(lib_a-memmove.o)
 .ARM.attributes
                0x00000759       0x2e d:/armgcc/bin/../lib/gcc/arm-none-eabi/4.8.4/../../../../arm-none-eabi/lib/armv7e-m\libc.a(lib_a-mlock.o)
 .ARM.attributes
                0x00000787       0x2e d:/armgcc/bin/../lib/gcc/arm-none-eabi/4.8.4/../../../../arm-none-eabi/lib/armv7e-m\libc.a(lib_a-reallocr.o)
 .ARM.attributes
                0x000007b5       0x2e d:/armgcc/bin/../lib/gcc/arm-none-eabi/4.8.4/../../../../arm-none-eabi/lib/armv7e-m\libc.a(lib_a-sbrkr.o)
 .ARM.attributes
                0x000007e3       0x2e d:/armgcc/bin/../lib/gcc/arm-none-eabi/4.8.4/../../../../arm-none-eabi/lib/armv7e-m\libc.a(lib_a-signal.o)
 .ARM.attributes
                0x00000811       0x2e d:/armgcc/bin/../lib/gcc/arm-none-eabi/4.8.4/../../../../arm-none-eabi/lib/armv7e-m\libc.a(lib_a-signalr.o)
 .ARM.attributes
                0x0000083f       0x2e d:/armgcc/bin/../lib/gcc/arm-none-eabi/4.8.4/../../../../arm-none-eabi/lib/armv7e-m\libc.a(lib_a-stdio.o)
 .ARM.attributes
                0x0000086d       0x2e d:/armgcc/bin/../lib/gcc/arm-none-eabi/4.8.4/../../../../arm-none-eabi/lib/armv7e-m\libc.a(lib_a-strlen.o)
 .ARM.attributes
                0x0000089b       0x2e d:/armgcc/bin/../lib/gcc/arm-none-eabi/4.8.4/../../../../arm-none-eabi/lib/armv7e-m\libc.a(lib_a-wbuf.o)
 .ARM.attributes
                0x000008c9       0x2e d:/armgcc/bin/../lib/gcc/arm-none-eabi/4.8.4/../../../../arm-none-eabi/lib/armv7e-m\libc.a(lib_a-wcrtomb.o)
 .ARM.attributes
                0x000008f7       0x2e d:/armgcc/bin/../lib/gcc/arm-none-eabi/4.8.4/../../../../arm-none-eabi/lib/armv7e-m\libc.a(lib_a-wctomb_r.o)
 .ARM.attributes
                0x00000925       0x2e d:/armgcc/bin/../lib/gcc/arm-none-eabi/4.8.4/../../../../arm-none-eabi/lib/armv7e-m\libc.a(lib_a-writer.o)
 .ARM.attributes
                0x00000953       0x2e d:/armgcc/bin/../lib/gcc/arm-none-eabi/4.8.4/../../../../arm-none-eabi/lib/armv7e-m\libc.a(lib_a-__atexit.o)
 .ARM.attributes
                0x00000981       0x2e d:/armgcc/bin/../lib/gcc/arm-none-eabi/4.8.4/../../../../arm-none-eabi/lib/armv7e-m\libc.a(lib_a-closer.o)
 .ARM.attributes
                0x000009af       0x2e d:/armgcc/bin/../lib/gcc/arm-none-eabi/4.8.4/../../../../arm-none-eabi/lib/armv7e-m\libc.a(lib_a-fclose.o)
 .ARM.attributes
                0x000009dd       0x2e d:/armgcc/bin/../lib/gcc/arm-none-eabi/4.8.4/../../../../arm-none-eabi/lib/armv7e-m\libc.a(lib_a-fstatr.o)
 .ARM.attributes
                0x00000a0b       0x2e d:/armgcc/bin/../lib/gcc/arm-none-eabi/4.8.4/../../../../arm-none-eabi/lib/armv7e-m\libc.a(lib_a-isattyr.o)
 .ARM.attributes
                0x00000a39       0x2e d:/armgcc/bin/../lib/gcc/arm-none-eabi/4.8.4/../../../../arm-none-eabi/lib/armv7e-m\libc.a(lib_a-lseekr.o)
 .ARM.attributes
                0x00000a67       0x2e d:/armgcc/bin/../lib/gcc/arm-none-eabi/4.8.4/../../../../arm-none-eabi/lib/armv7e-m\libc.a(lib_a-readr.o)
 .ARM.attributes
                0x00000a95       0x2e d:/armgcc/bin/../lib/gcc/arm-none-eabi/4.8.4/../../../../arm-none-eabi/lib/armv7e-m\libc.a(lib_a-reent.o)
 .ARM.attributes
                0x00000ac3       0x2e d:/armgcc/bin/../lib/gcc/arm-none-eabi/4.8.4/../../../../arm-none-eabi/lib/armv7e-m\libnosys.a(close.o)
 .ARM.attributes
                0x00000af1       0x2e d:/armgcc/bin/../lib/gcc/arm-none-eabi/4.8.4/../../../../arm-none-eabi/lib/armv7e-m\libnosys.a(fstat.o)
 .ARM.attributes
                0x00000b1f       0x2e d:/armgcc/bin/../lib/gcc/arm-none-eabi/4.8.4/../../../../arm-none-eabi/lib/armv7e-m\libnosys.a(getpid.o)
 .ARM.attributes
                0x00000b4d       0x2e d:/armgcc/bin/../lib/gcc/arm-none-eabi/4.8.4/../../../../arm-none-eabi/lib/armv7e-m\libnosys.a(isatty.o)
 .ARM.attributes
                0x00000b7b       0x2e d:/armgcc/bin/../lib/gcc/arm-none-eabi/4.8.4/../../../../arm-none-eabi/lib/armv7e-m\libnosys.a(kill.o)
 .ARM.attributes
                0x00000ba9       0x2e d:/armgcc/bin/../lib/gcc/arm-none-eabi/4.8.4/../../../../arm-none-eabi/lib/armv7e-m\libnosys.a(lseek.o)
 .ARM.attributes
                0x00000bd7       0x2e d:/armgcc/bin/../lib/gcc/arm-none-eabi/4.8.4/../../../../arm-none-eabi/lib/armv7e-m\libnosys.a(read.o)
 .ARM.attributes
                0x00000c05       0x2e d:/armgcc/bin/../lib/gcc/arm-none-eabi/4.8.4/../../../../arm-none-eabi/lib/armv7e-m\libnosys.a(sbrk.o)
 .ARM.attributes
                0x00000c33       0x2e d:/armgcc/bin/../lib/gcc/arm-none-eabi/4.8.4/../../../../arm-none-eabi/lib/armv7e-m\libnosys.a(write.o)
 .ARM.attributes
                0x00000c61       0x2e d:/armgcc/bin/../lib/gcc/arm-none-eabi/4.8.4/../../../../arm-none-eabi/lib/armv7e-m\libnosys.a(_exit.o)
 .ARM.attributes
                0x00000c8f       0x1e d:/armgcc/bin/../lib/gcc/arm-none-eabi/4.8.4/armv7e-m\libgcc.a(_aeabi_uldivmod.o)
 .ARM.attributes
                0x00000cad       0x2e d:/armgcc/bin/../lib/gcc/arm-none-eabi/4.8.4/armv7e-m\libgcc.a(bpabi.o)
 .ARM.attributes
                0x00000cdb       0x1e d:/armgcc/bin/../lib/gcc/arm-none-eabi/4.8.4/armv7e-m\libgcc.a(_dvmd_tls.o)
 .ARM.attributes
                0x00000cf9       0x2e d:/armgcc/bin/../lib/gcc/arm-none-eabi/4.8.4/armv7e-m\libgcc.a(_divdi3.o)
 .ARM.attributes
                0x00000d27       0x2e d:/armgcc/bin/../lib/gcc/arm-none-eabi/4.8.4/armv7e-m\libgcc.a(_udivdi3.o)
 .ARM.attributes
                0x00000d55       0x1e d:/armgcc/bin/../lib/gcc/arm-none-eabi/4.8.4/armv7e-m/crtn.o

.comment        0x00000000       0x70
 .comment       0x00000000       0x70 out/apps/main.o
                                 0x71 (size before relaxing)
 .comment       0x00000000       0x71 out/apps/src/IRQ.o
 .comment       0x00000000       0x71 out/apps/src/LED.o
 .comment       0x00000000       0x71 out/apps/src/VGA_Out_apps.o
 .comment       0x00000000       0x71 out/apps/src/mspi_apps.o
 .comment       0x00000000       0x71 out/apps/src/Drawing_apps.o
 .comment       0x00000000       0x71 out/apps/src/fonts/Sinclair_S.o
 .comment       0x00000000       0x71 out/apps/src/fonts/Sinclair_Inverted_S.o
 .comment       0x00000000       0x71 out/cmsis_boot/system_sam4s.o
 .comment       0x00000000       0x71 out/cmsis_boot/startup/startup_sam4s.o
 .comment       0x00000000       0x71 out/SAM4S_StdPeriph_Driver/Source/SAM4S/source/pio.o
 .comment       0x00000000       0x71 out/SAM4S_StdPeriph_Driver/Source/SAM4S/source/tc.o
 .comment       0x00000000       0x71 out/SAM4S_StdPeriph_Driver/Source/SAM4S/source/pmc.o
 .comment       0x00000000       0x71 out/SAM4S_StdPeriph_Driver/Source/SAM4S/source/hsmci_pdc.o
 .comment       0x00000000       0x71 out/SAM4S_StdPeriph_Driver/Source/SAM4S/source/spi.o

.debug_info     0x00000000     0x5bdf
 .debug_info    0x00000000      0x686 out/apps/main.o
 .debug_info    0x00000686       0xdd out/apps/src/IRQ.o
 .debug_info    0x00000763      0x601 out/apps/src/LED.o
 .debug_info    0x00000d64     0x1127 out/apps/src/VGA_Out_apps.o
 .debug_info    0x00001e8b      0x7b9 out/apps/src/mspi_apps.o
 .debug_info    0x00002644      0x7e3 out/apps/src/Drawing_apps.o
 .debug_info    0x00002e27       0x57 out/apps/src/fonts/Sinclair_S.o
 .debug_info    0x00002e7e       0x57 out/apps/src/fonts/Sinclair_Inverted_S.o
 .debug_info    0x00002ed5      0x44e out/cmsis_boot/system_sam4s.o
 .debug_info    0x00003323      0x58f out/cmsis_boot/startup/startup_sam4s.o
 .debug_info    0x000038b2      0x995 out/SAM4S_StdPeriph_Driver/Source/SAM4S/source/pio.o
 .debug_info    0x00004247      0x745 out/SAM4S_StdPeriph_Driver/Source/SAM4S/source/tc.o
 .debug_info    0x0000498c      0x462 out/SAM4S_StdPeriph_Driver/Source/SAM4S/source/pmc.o
 .debug_info    0x00004dee      0x7b4 out/SAM4S_StdPeriph_Driver/Source/SAM4S/source/hsmci_pdc.o
 .debug_info    0x000055a2      0x63d out/SAM4S_StdPeriph_Driver/Source/SAM4S/source/spi.o

.debug_abbrev   0x00000000     0x1282
 .debug_abbrev  0x00000000      0x1dc out/apps/main.o
 .debug_abbrev  0x000001dc       0x7b out/apps/src/IRQ.o
 .debug_abbrev  0x00000257       0xf3 out/apps/src/LED.o
 .debug_abbrev  0x0000034a      0x261 out/apps/src/VGA_Out_apps.o
 .debug_abbrev  0x000005ab      0x132 out/apps/src/mspi_apps.o
 .debug_abbrev  0x000006dd      0x191 out/apps/src/Drawing_apps.o
 .debug_abbrev  0x0000086e       0x48 out/apps/src/fonts/Sinclair_S.o
 .debug_abbrev  0x000008b6       0x48 out/apps/src/fonts/Sinclair_Inverted_S.o
 .debug_abbrev  0x000008fe       0xd9 out/cmsis_boot/system_sam4s.o
 .debug_abbrev  0x000009d7      0x134 out/cmsis_boot/startup/startup_sam4s.o
 .debug_abbrev  0x00000b0b      0x18e out/SAM4S_StdPeriph_Driver/Source/SAM4S/source/pio.o
 .debug_abbrev  0x00000c99      0x17b out/SAM4S_StdPeriph_Driver/Source/SAM4S/source/tc.o
 .debug_abbrev  0x00000e14      0x127 out/SAM4S_StdPeriph_Driver/Source/SAM4S/source/pmc.o
 .debug_abbrev  0x00000f3b      0x1d2 out/SAM4S_StdPeriph_Driver/Source/SAM4S/source/hsmci_pdc.o
 .debug_abbrev  0x0000110d      0x175 out/SAM4S_StdPeriph_Driver/Source/SAM4S/source/spi.o

.debug_aranges  0x00000000      0x1d0
 .debug_aranges
                0x00000000       0x20 out/apps/main.o
 .debug_aranges
                0x00000020       0x20 out/apps/src/IRQ.o
 .debug_aranges
                0x00000040       0x20 out/apps/src/LED.o
 .debug_aranges
                0x00000060       0x20 out/apps/src/VGA_Out_apps.o
 .debug_aranges
                0x00000080       0x20 out/apps/src/mspi_apps.o
 .debug_aranges
                0x000000a0       0x20 out/apps/src/Drawing_apps.o
 .debug_aranges
                0x000000c0       0x18 out/apps/src/fonts/Sinclair_S.o
 .debug_aranges
                0x000000d8       0x18 out/apps/src/fonts/Sinclair_Inverted_S.o
 .debug_aranges
                0x000000f0       0x20 out/cmsis_boot/system_sam4s.o
 .debug_aranges
                0x00000110       0x20 out/cmsis_boot/startup/startup_sam4s.o
 .debug_aranges
                0x00000130       0x20 out/SAM4S_StdPeriph_Driver/Source/SAM4S/source/pio.o
 .debug_aranges
                0x00000150       0x20 out/SAM4S_StdPeriph_Driver/Source/SAM4S/source/tc.o
 .debug_aranges
                0x00000170       0x20 out/SAM4S_StdPeriph_Driver/Source/SAM4S/source/pmc.o
 .debug_aranges
                0x00000190       0x20 out/SAM4S_StdPeriph_Driver/Source/SAM4S/source/hsmci_pdc.o
 .debug_aranges
                0x000001b0       0x20 out/SAM4S_StdPeriph_Driver/Source/SAM4S/source/spi.o

.debug_macro    0x00000000    0x1026a
 .debug_macro   0x00000000      0x4e1 out/apps/main.o
 .debug_macro   0x000004e1      0x85c out/apps/main.o
 .debug_macro   0x00000d3d       0x22 out/apps/main.o
 .debug_macro   0x00000d5f       0x16 out/apps/main.o
 .debug_macro   0x00000d75       0x44 out/apps/main.o
 .debug_macro   0x00000db9      0x209 out/apps/main.o
 .debug_macro   0x00000fc2       0x27 out/apps/main.o
 .debug_macro   0x00000fe9       0x3b out/apps/main.o
 .debug_macro   0x00001024       0x2d out/apps/main.o
 .debug_macro   0x00001051       0x26 out/apps/main.o
 .debug_macro   0x00001077      0xbbf out/apps/main.o
 .debug_macro   0x00001c36      0x154 out/apps/main.o
 .debug_macro   0x00001d8a      0x94f out/apps/main.o
 .debug_macro   0x000026d9      0x283 out/apps/main.o
 .debug_macro   0x0000295c       0xac out/apps/main.o
 .debug_macro   0x00002a08      0x30b out/apps/main.o
 .debug_macro   0x00002d13      0x106 out/apps/main.o
 .debug_macro   0x00002e19       0x1c out/apps/main.o
 .debug_macro   0x00002e35      0x72b out/apps/main.o
 .debug_macro   0x00003560      0x2c4 out/apps/main.o
 .debug_macro   0x00003824       0xbe out/apps/main.o
 .debug_macro   0x000038e2     0x2802 out/apps/main.o
 .debug_macro   0x000060e4      0x764 out/apps/main.o
 .debug_macro   0x00006848      0xa80 out/apps/main.o
 .debug_macro   0x000072c8       0x9a out/apps/main.o
 .debug_macro   0x00007362      0x3cb out/apps/main.o
 .debug_macro   0x0000772d       0x64 out/apps/main.o
 .debug_macro   0x00007791      0x378 out/apps/main.o
 .debug_macro   0x00007b09      0x601 out/apps/main.o
 .debug_macro   0x0000810a      0x681 out/apps/main.o
 .debug_macro   0x0000878b      0x590 out/apps/main.o
 .debug_macro   0x00008d1b      0x33f out/apps/main.o
 .debug_macro   0x0000905a      0x27e out/apps/main.o
 .debug_macro   0x000092d8      0x2c8 out/apps/main.o
 .debug_macro   0x000095a0      0x6ca out/apps/main.o
 .debug_macro   0x00009c6a       0x76 out/apps/main.o
 .debug_macro   0x00009ce0       0xb8 out/apps/main.o
 .debug_macro   0x00009d98       0xb2 out/apps/main.o
 .debug_macro   0x00009e4a       0x88 out/apps/main.o
 .debug_macro   0x00009ed2      0x100 out/apps/main.o
 .debug_macro   0x00009fd2      0x100 out/apps/main.o
 .debug_macro   0x0000a0d2       0x88 out/apps/main.o
 .debug_macro   0x0000a15a       0x88 out/apps/main.o
 .debug_macro   0x0000a1e2      0x2cd out/apps/main.o
 .debug_macro   0x0000a4af       0xb2 out/apps/main.o
 .debug_macro   0x0000a561       0xb2 out/apps/main.o
 .debug_macro   0x0000a613       0x52 out/apps/main.o
 .debug_macro   0x0000a665       0xa6 out/apps/main.o
 .debug_macro   0x0000a70b       0x7c out/apps/main.o
 .debug_macro   0x0000a787       0x40 out/apps/main.o
 .debug_macro   0x0000a7c7       0x64 out/apps/main.o
 .debug_macro   0x0000a82b       0x4c out/apps/main.o
 .debug_macro   0x0000a877       0xac out/apps/main.o
 .debug_macro   0x0000a923       0x7c out/apps/main.o
 .debug_macro   0x0000a99f       0x16 out/apps/main.o
 .debug_macro   0x0000a9b5       0x7c out/apps/main.o
 .debug_macro   0x0000aa31       0x22 out/apps/main.o
 .debug_macro   0x0000aa53      0x186 out/apps/main.o
 .debug_macro   0x0000abd9      0x156 out/apps/main.o
 .debug_macro   0x0000ad2f      0x156 out/apps/main.o
 .debug_macro   0x0000ae85       0x1c out/apps/main.o
 .debug_macro   0x0000aea1       0x2e out/apps/main.o
 .debug_macro   0x0000aecf       0x22 out/apps/main.o
 .debug_macro   0x0000aef1       0x1c out/apps/main.o
 .debug_macro   0x0000af0d       0x52 out/apps/main.o
 .debug_macro   0x0000af5f       0x10 out/apps/main.o
 .debug_macro   0x0000af6f      0x211 out/apps/main.o
 .debug_macro   0x0000b180      0x7fc out/apps/main.o
 .debug_macro   0x0000b97c      0x10e out/apps/main.o
 .debug_macro   0x0000ba8a       0x58 out/apps/main.o
 .debug_macro   0x0000bae2       0x35 out/apps/main.o
 .debug_macro   0x0000bb17       0xa3 out/apps/main.o
 .debug_macro   0x0000bbba       0x16 out/apps/main.o
 .debug_macro   0x0000bbd0       0xc6 out/apps/main.o
 .debug_macro   0x0000bc96       0x10 out/apps/main.o
 .debug_macro   0x0000bca6       0xdc out/apps/main.o
 .debug_macro   0x0000bd82       0x10 out/apps/main.o
 .debug_macro   0x0000bd92       0x70 out/apps/main.o
 .debug_macro   0x0000be02       0xac out/apps/main.o
 .debug_macro   0x0000beae       0x16 out/apps/main.o
 .debug_macro   0x0000bec4       0x1c out/apps/main.o
 .debug_macro   0x0000bee0       0x97 out/apps/main.o
 .debug_macro   0x0000bf77       0x10 out/apps/main.o
 .debug_macro   0x0000bf87       0xef out/apps/main.o
 .debug_macro   0x0000c076       0x52 out/apps/main.o
 .debug_macro   0x0000c0c8       0x16 out/apps/main.o
 .debug_macro   0x0000c0de       0x43 out/apps/main.o
 .debug_macro   0x0000c121      0x180 out/apps/main.o
 .debug_macro   0x0000c2a1       0x10 out/apps/main.o
 .debug_macro   0x0000c2b1       0x22 out/apps/main.o
 .debug_macro   0x0000c2d3       0xbd out/apps/main.o
 .debug_macro   0x0000c390       0x16 out/apps/main.o
 .debug_macro   0x0000c3a6      0x16c out/apps/main.o
 .debug_macro   0x0000c512       0x2e out/apps/main.o
 .debug_macro   0x0000c540       0x97 out/apps/main.o
 .debug_macro   0x0000c5d7       0x3a out/apps/main.o
 .debug_macro   0x0000c611       0x22 out/apps/main.o
 .debug_macro   0x0000c633       0x28 out/apps/main.o
 .debug_macro   0x0000c65b       0x1c out/apps/main.o
 .debug_macro   0x0000c677       0x10 out/apps/main.o
 .debug_macro   0x0000c687       0x4c out/apps/main.o
 .debug_macro   0x0000c6d3       0x99 out/apps/main.o
 .debug_macro   0x0000c76c       0x16 out/apps/main.o
 .debug_macro   0x0000c782       0x22 out/apps/main.o
 .debug_macro   0x0000c7a4      0x4c4 out/apps/src/IRQ.o
 .debug_macro   0x0000cc68      0x4ca out/apps/src/LED.o
 .debug_macro   0x0000d132      0x527 out/apps/src/VGA_Out_apps.o
 .debug_macro   0x0000d659      0x4fa out/apps/src/mspi_apps.o
 .debug_macro   0x0000db53      0x4ec out/apps/src/Drawing_apps.o
 .debug_macro   0x0000e03f       0x11 out/apps/src/fonts/Sinclair_S.o
 .debug_macro   0x0000e050       0x11 out/apps/src/fonts/Sinclair_Inverted_S.o
 .debug_macro   0x0000e061      0x553 out/cmsis_boot/system_sam4s.o
 .debug_macro   0x0000e5b4       0x2d out/cmsis_boot/system_sam4s.o
 .debug_macro   0x0000e5e1      0x4ba out/cmsis_boot/startup/startup_sam4s.o
 .debug_macro   0x0000ea9b      0x4ba out/SAM4S_StdPeriph_Driver/Source/SAM4S/source/pio.o
 .debug_macro   0x0000ef55      0x4c3 out/SAM4S_StdPeriph_Driver/Source/SAM4S/source/tc.o
 .debug_macro   0x0000f418      0x4cf out/SAM4S_StdPeriph_Driver/Source/SAM4S/source/pmc.o
 .debug_macro   0x0000f8e7      0x4c9 out/SAM4S_StdPeriph_Driver/Source/SAM4S/source/hsmci_pdc.o
 .debug_macro   0x0000fdb0      0x4ba out/SAM4S_StdPeriph_Driver/Source/SAM4S/source/spi.o

.debug_line     0x00000000     0x5f34
 .debug_line    0x00000000      0x994 out/apps/main.o
 .debug_line    0x00000994      0x669 out/apps/src/IRQ.o
 .debug_line    0x00000ffd      0x674 out/apps/src/LED.o
 .debug_line    0x00001671      0x777 out/apps/src/VGA_Out_apps.o
 .debug_line    0x00001de8      0x682 out/apps/src/mspi_apps.o
 .debug_line    0x0000246a      0x98a out/apps/src/Drawing_apps.o
 .debug_line    0x00002df4       0x3c out/apps/src/fonts/Sinclair_S.o
 .debug_line    0x00002e30       0x45 out/apps/src/fonts/Sinclair_Inverted_S.o
 .debug_line    0x00002e75      0x6e7 out/cmsis_boot/system_sam4s.o
 .debug_line    0x0000355c      0x684 out/cmsis_boot/startup/startup_sam4s.o
 .debug_line    0x00003be0      0x735 out/SAM4S_StdPeriph_Driver/Source/SAM4S/source/pio.o
 .debug_line    0x00004315      0x72e out/SAM4S_StdPeriph_Driver/Source/SAM4S/source/tc.o
 .debug_line    0x00004a43      0x6d6 out/SAM4S_StdPeriph_Driver/Source/SAM4S/source/pmc.o
 .debug_line    0x00005119      0x728 out/SAM4S_StdPeriph_Driver/Source/SAM4S/source/hsmci_pdc.o
 .debug_line    0x00005841      0x6f3 out/SAM4S_StdPeriph_Driver/Source/SAM4S/source/spi.o

.debug_str      0x00000000    0x3e068
 .debug_str     0x00000000    0x3c2e2 out/apps/main.o
                              0x3c549 (size before relaxing)
 .debug_str     0x0003c2e2       0x19 out/apps/src/IRQ.o
                              0x3c135 (size before relaxing)
 .debug_str     0x0003c2fb      0x333 out/apps/src/LED.o
                              0x3c479 (size before relaxing)
 .debug_str     0x0003c62e      0x655 out/apps/src/VGA_Out_apps.o
                              0x3cd8b (size before relaxing)
 .debug_str     0x0003cc83      0x296 out/apps/src/mspi_apps.o
                              0x3c6a6 (size before relaxing)
 .debug_str     0x0003cf19      0x299 out/apps/src/Drawing_apps.o
                              0x3c4e9 (size before relaxing)
 .debug_str     0x0003d1b2       0x1c out/apps/src/fonts/Sinclair_S.o
                               0x2421 (size before relaxing)
 .debug_str     0x0003d1ce       0x25 out/apps/src/fonts/Sinclair_Inverted_S.o
                               0x2433 (size before relaxing)
 .debug_str     0x0003d1f3      0x3b8 out/cmsis_boot/system_sam4s.o
                              0x3c533 (size before relaxing)
 .debug_str     0x0003d5ab      0x3de out/cmsis_boot/startup/startup_sam4s.o
                              0x3c57b (size before relaxing)
 .debug_str     0x0003d989      0x18f out/SAM4S_StdPeriph_Driver/Source/SAM4S/source/pio.o
                              0x3c594 (size before relaxing)
 .debug_str     0x0003db18      0x184 out/SAM4S_StdPeriph_Driver/Source/SAM4S/source/tc.o
                              0x3c34d (size before relaxing)
 .debug_str     0x0003dc9c       0xec out/SAM4S_StdPeriph_Driver/Source/SAM4S/source/pmc.o
                              0x3c360 (size before relaxing)
 .debug_str     0x0003dd88      0x121 out/SAM4S_StdPeriph_Driver/Source/SAM4S/source/hsmci_pdc.o
                              0x3c460 (size before relaxing)
 .debug_str     0x0003dea9      0x1bf out/SAM4S_StdPeriph_Driver/Source/SAM4S/source/spi.o
                              0x3c3b4 (size before relaxing)

.debug_frame    0x00000000     0x1720
 .debug_frame   0x00000000       0x70 out/apps/main.o
 .debug_frame   0x00000070       0x2c out/apps/src/IRQ.o
 .debug_frame   0x0000009c       0x80 out/apps/src/LED.o
 .debug_frame   0x0000011c      0x150 out/apps/src/VGA_Out_apps.o
 .debug_frame   0x0000026c       0x70 out/apps/src/mspi_apps.o
 .debug_frame   0x000002dc      0x104 out/apps/src/Drawing_apps.o
 .debug_frame   0x000003e0       0x30 out/cmsis_boot/system_sam4s.o
 .debug_frame   0x00000410       0x3c out/cmsis_boot/startup/startup_sam4s.o
 .debug_frame   0x0000044c      0x158 out/SAM4S_StdPeriph_Driver/Source/SAM4S/source/pio.o
 .debug_frame   0x000005a4      0x164 out/SAM4S_StdPeriph_Driver/Source/SAM4S/source/tc.o
 .debug_frame   0x00000708       0x98 out/SAM4S_StdPeriph_Driver/Source/SAM4S/source/pmc.o
 .debug_frame   0x000007a0       0xc4 out/SAM4S_StdPeriph_Driver/Source/SAM4S/source/hsmci_pdc.o
 .debug_frame   0x00000864      0x180 out/SAM4S_StdPeriph_Driver/Source/SAM4S/source/spi.o
 .debug_frame   0x000009e4       0x40 d:/armgcc/bin/../lib/gcc/arm-none-eabi/4.8.4/../../../../arm-none-eabi/lib/armv7e-m\libc.a(lib_a-assert.o)
 .debug_frame   0x00000a24       0x54 d:/armgcc/bin/../lib/gcc/arm-none-eabi/4.8.4/../../../../arm-none-eabi/lib/armv7e-m\libc.a(lib_a-fiprintf.o)
 .debug_frame   0x00000a78       0x2c d:/armgcc/bin/../lib/gcc/arm-none-eabi/4.8.4/../../../../arm-none-eabi/lib/armv7e-m\libc.a(lib_a-init.o)
 .debug_frame   0x00000aa4       0x2c d:/armgcc/bin/../lib/gcc/arm-none-eabi/4.8.4/../../../../arm-none-eabi/lib/armv7e-m\libc.a(lib_a-memset.o)
 .debug_frame   0x00000ad0       0xb8 d:/armgcc/bin/../lib/gcc/arm-none-eabi/4.8.4/../../../../arm-none-eabi/lib/armv7e-m\libc.a(lib_a-vfiprintf.o)
 .debug_frame   0x00000b88       0x2c d:/armgcc/bin/../lib/gcc/arm-none-eabi/4.8.4/../../../../arm-none-eabi/lib/armv7e-m\libc.a(lib_a-wsetup.o)
 .debug_frame   0x00000bb4       0x48 d:/armgcc/bin/../lib/gcc/arm-none-eabi/4.8.4/../../../../arm-none-eabi/lib/armv7e-m\libc.a(lib_a-__call_atexit.o)
 .debug_frame   0x00000bfc       0x28 d:/armgcc/bin/../lib/gcc/arm-none-eabi/4.8.4/../../../../arm-none-eabi/lib/armv7e-m\libc.a(lib_a-abort.o)
 .debug_frame   0x00000c24       0x20 d:/armgcc/bin/../lib/gcc/arm-none-eabi/4.8.4/../../../../arm-none-eabi/lib/armv7e-m\libc.a(lib_a-atexit.o)
 .debug_frame   0x00000c44       0x5c d:/armgcc/bin/../lib/gcc/arm-none-eabi/4.8.4/../../../../arm-none-eabi/lib/armv7e-m\libc.a(lib_a-fflush.o)
 .debug_frame   0x00000ca0      0x110 d:/armgcc/bin/../lib/gcc/arm-none-eabi/4.8.4/../../../../arm-none-eabi/lib/armv7e-m\libc.a(lib_a-findfp.o)
 .debug_frame   0x00000db0       0x2c d:/armgcc/bin/../lib/gcc/arm-none-eabi/4.8.4/../../../../arm-none-eabi/lib/armv7e-m\libc.a(lib_a-fini.o)
 .debug_frame   0x00000ddc       0x50 d:/armgcc/bin/../lib/gcc/arm-none-eabi/4.8.4/../../../../arm-none-eabi/lib/armv7e-m\libc.a(lib_a-fputwc.o)
 .debug_frame   0x00000e2c       0x50 d:/armgcc/bin/../lib/gcc/arm-none-eabi/4.8.4/../../../../arm-none-eabi/lib/armv7e-m\libc.a(lib_a-freer.o)
 .debug_frame   0x00000e7c       0x38 d:/armgcc/bin/../lib/gcc/arm-none-eabi/4.8.4/../../../../arm-none-eabi/lib/armv7e-m\libc.a(lib_a-fvwrite.o)
 .debug_frame   0x00000eb4       0x54 d:/armgcc/bin/../lib/gcc/arm-none-eabi/4.8.4/../../../../arm-none-eabi/lib/armv7e-m\libc.a(lib_a-fwalk.o)
 .debug_frame   0x00000f08       0x98 d:/armgcc/bin/../lib/gcc/arm-none-eabi/4.8.4/../../../../arm-none-eabi/lib/armv7e-m\libc.a(lib_a-locale.o)
 .debug_frame   0x00000fa0       0x30 d:/armgcc/bin/../lib/gcc/arm-none-eabi/4.8.4/../../../../arm-none-eabi/lib/armv7e-m\libc.a(lib_a-makebuf.o)
 .debug_frame   0x00000fd0       0x38 d:/armgcc/bin/../lib/gcc/arm-none-eabi/4.8.4/../../../../arm-none-eabi/lib/armv7e-m\libc.a(lib_a-mallocr.o)
 .debug_frame   0x00001008       0x2c d:/armgcc/bin/../lib/gcc/arm-none-eabi/4.8.4/../../../../arm-none-eabi/lib/armv7e-m\libc.a(lib_a-memchr-stub.o)
 .debug_frame   0x00001034       0x2c d:/armgcc/bin/../lib/gcc/arm-none-eabi/4.8.4/../../../../arm-none-eabi/lib/armv7e-m\libc.a(lib_a-memmove.o)
 .debug_frame   0x00001060       0x30 d:/armgcc/bin/../lib/gcc/arm-none-eabi/4.8.4/../../../../arm-none-eabi/lib/armv7e-m\libc.a(lib_a-mlock.o)
 .debug_frame   0x00001090       0x38 d:/armgcc/bin/../lib/gcc/arm-none-eabi/4.8.4/../../../../arm-none-eabi/lib/armv7e-m\libc.a(lib_a-reallocr.o)
 .debug_frame   0x000010c8       0x2c d:/armgcc/bin/../lib/gcc/arm-none-eabi/4.8.4/../../../../arm-none-eabi/lib/armv7e-m\libc.a(lib_a-sbrkr.o)
 .debug_frame   0x000010f4       0xc0 d:/armgcc/bin/../lib/gcc/arm-none-eabi/4.8.4/../../../../arm-none-eabi/lib/armv7e-m\libc.a(lib_a-signal.o)
 .debug_frame   0x000011b4       0x3c d:/armgcc/bin/../lib/gcc/arm-none-eabi/4.8.4/../../../../arm-none-eabi/lib/armv7e-m\libc.a(lib_a-signalr.o)
 .debug_frame   0x000011f0       0x80 d:/armgcc/bin/../lib/gcc/arm-none-eabi/4.8.4/../../../../arm-none-eabi/lib/armv7e-m\libc.a(lib_a-stdio.o)
 .debug_frame   0x00001270       0x20 d:/armgcc/bin/../lib/gcc/arm-none-eabi/4.8.4/../../../../arm-none-eabi/lib/armv7e-m\libc.a(lib_a-strlen.o)
 .debug_frame   0x00001290       0x40 d:/armgcc/bin/../lib/gcc/arm-none-eabi/4.8.4/../../../../arm-none-eabi/lib/armv7e-m\libc.a(lib_a-wbuf.o)
 .debug_frame   0x000012d0       0x58 d:/armgcc/bin/../lib/gcc/arm-none-eabi/4.8.4/../../../../arm-none-eabi/lib/armv7e-m\libc.a(lib_a-wcrtomb.o)
 .debug_frame   0x00001328       0x44 d:/armgcc/bin/../lib/gcc/arm-none-eabi/4.8.4/../../../../arm-none-eabi/lib/armv7e-m\libc.a(lib_a-wctomb_r.o)
 .debug_frame   0x0000136c       0x2c d:/armgcc/bin/../lib/gcc/arm-none-eabi/4.8.4/../../../../arm-none-eabi/lib/armv7e-m\libc.a(lib_a-writer.o)
 .debug_frame   0x00001398       0x30 d:/armgcc/bin/../lib/gcc/arm-none-eabi/4.8.4/../../../../arm-none-eabi/lib/armv7e-m\libc.a(lib_a-__atexit.o)
 .debug_frame   0x000013c8       0x2c d:/armgcc/bin/../lib/gcc/arm-none-eabi/4.8.4/../../../../arm-none-eabi/lib/armv7e-m\libc.a(lib_a-closer.o)
 .debug_frame   0x000013f4       0x3c d:/armgcc/bin/../lib/gcc/arm-none-eabi/4.8.4/../../../../arm-none-eabi/lib/armv7e-m\libc.a(lib_a-fclose.o)
 .debug_frame   0x00001430       0x2c d:/armgcc/bin/../lib/gcc/arm-none-eabi/4.8.4/../../../../arm-none-eabi/lib/armv7e-m\libc.a(lib_a-fstatr.o)
 .debug_frame   0x0000145c       0x2c d:/armgcc/bin/../lib/gcc/arm-none-eabi/4.8.4/../../../../arm-none-eabi/lib/armv7e-m\libc.a(lib_a-isattyr.o)
 .debug_frame   0x00001488       0x2c d:/armgcc/bin/../lib/gcc/arm-none-eabi/4.8.4/../../../../arm-none-eabi/lib/armv7e-m\libc.a(lib_a-lseekr.o)
 .debug_frame   0x000014b4       0x2c d:/armgcc/bin/../lib/gcc/arm-none-eabi/4.8.4/../../../../arm-none-eabi/lib/armv7e-m\libc.a(lib_a-readr.o)
 .debug_frame   0x000014e0       0x48 d:/armgcc/bin/../lib/gcc/arm-none-eabi/4.8.4/../../../../arm-none-eabi/lib/armv7e-m\libc.a(lib_a-reent.o)
 .debug_frame   0x00001528       0x20 d:/armgcc/bin/../lib/gcc/arm-none-eabi/4.8.4/../../../../arm-none-eabi/lib/armv7e-m\libnosys.a(close.o)
 .debug_frame   0x00001548       0x20 d:/armgcc/bin/../lib/gcc/arm-none-eabi/4.8.4/../../../../arm-none-eabi/lib/armv7e-m\libnosys.a(fstat.o)
 .debug_frame   0x00001568       0x20 d:/armgcc/bin/../lib/gcc/arm-none-eabi/4.8.4/../../../../arm-none-eabi/lib/armv7e-m\libnosys.a(getpid.o)
 .debug_frame   0x00001588       0x20 d:/armgcc/bin/../lib/gcc/arm-none-eabi/4.8.4/../../../../arm-none-eabi/lib/armv7e-m\libnosys.a(isatty.o)
 .debug_frame   0x000015a8       0x20 d:/armgcc/bin/../lib/gcc/arm-none-eabi/4.8.4/../../../../arm-none-eabi/lib/armv7e-m\libnosys.a(kill.o)
 .debug_frame   0x000015c8       0x20 d:/armgcc/bin/../lib/gcc/arm-none-eabi/4.8.4/../../../../arm-none-eabi/lib/armv7e-m\libnosys.a(lseek.o)
 .debug_frame   0x000015e8       0x20 d:/armgcc/bin/../lib/gcc/arm-none-eabi/4.8.4/../../../../arm-none-eabi/lib/armv7e-m\libnosys.a(read.o)
 .debug_frame   0x00001608       0x20 d:/armgcc/bin/../lib/gcc/arm-none-eabi/4.8.4/../../../../arm-none-eabi/lib/armv7e-m\libnosys.a(sbrk.o)
 .debug_frame   0x00001628       0x20 d:/armgcc/bin/../lib/gcc/arm-none-eabi/4.8.4/../../../../arm-none-eabi/lib/armv7e-m\libnosys.a(write.o)
 .debug_frame   0x00001648       0x20 d:/armgcc/bin/../lib/gcc/arm-none-eabi/4.8.4/../../../../arm-none-eabi/lib/armv7e-m\libnosys.a(_exit.o)
 .debug_frame   0x00001668       0x50 d:/armgcc/bin/../lib/gcc/arm-none-eabi/4.8.4/armv7e-m\libgcc.a(bpabi.o)
 .debug_frame   0x000016b8       0x34 d:/armgcc/bin/../lib/gcc/arm-none-eabi/4.8.4/armv7e-m\libgcc.a(_divdi3.o)
 .debug_frame   0x000016ec       0x34 d:/armgcc/bin/../lib/gcc/arm-none-eabi/4.8.4/armv7e-m\libgcc.a(_udivdi3.o)

.stab           0x00000000       0xcc
 .stab          0x00000000       0x24 d:/armgcc/bin/../lib/gcc/arm-none-eabi/4.8.4/../../../../arm-none-eabi/lib/armv7e-m\libnosys.a(close.o)
 .stab          0x00000024       0x18 d:/armgcc/bin/../lib/gcc/arm-none-eabi/4.8.4/../../../../arm-none-eabi/lib/armv7e-m\libnosys.a(fstat.o)
                                 0x24 (size before relaxing)
 .stab          0x0000003c       0x18 d:/armgcc/bin/../lib/gcc/arm-none-eabi/4.8.4/../../../../arm-none-eabi/lib/armv7e-m\libnosys.a(getpid.o)
                                 0x24 (size before relaxing)
 .stab          0x00000054       0x18 d:/armgcc/bin/../lib/gcc/arm-none-eabi/4.8.4/../../../../arm-none-eabi/lib/armv7e-m\libnosys.a(isatty.o)
                                 0x24 (size before relaxing)
 .stab          0x0000006c       0x18 d:/armgcc/bin/../lib/gcc/arm-none-eabi/4.8.4/../../../../arm-none-eabi/lib/armv7e-m\libnosys.a(kill.o)
                                 0x24 (size before relaxing)
 .stab          0x00000084       0x18 d:/armgcc/bin/../lib/gcc/arm-none-eabi/4.8.4/../../../../arm-none-eabi/lib/armv7e-m\libnosys.a(lseek.o)
                                 0x24 (size before relaxing)
 .stab          0x0000009c       0x18 d:/armgcc/bin/../lib/gcc/arm-none-eabi/4.8.4/../../../../arm-none-eabi/lib/armv7e-m\libnosys.a(read.o)
                                 0x24 (size before relaxing)
 .stab          0x000000b4       0x18 d:/armgcc/bin/../lib/gcc/arm-none-eabi/4.8.4/../../../../arm-none-eabi/lib/armv7e-m\libnosys.a(write.o)
                                 0x24 (size before relaxing)

.stabstr        0x00000000      0x1b9
 .stabstr       0x00000000      0x1b9 d:/armgcc/bin/../lib/gcc/arm-none-eabi/4.8.4/../../../../arm-none-eabi/lib/armv7e-m\libnosys.a(close.o)

Cross Reference Table

Symbol                                            File
ACC_IRQHandler                                    out/cmsis_boot/startup/startup_sam4s.o
ADC_IRQHandler                                    out/cmsis_boot/startup/startup_sam4s.o
BusFault_Handler                                  out/cmsis_boot/startup/startup_sam4s.o
CRCCU_IRQHandler                                  out/cmsis_boot/startup/startup_sam4s.o
ColorColumnGradation4bit                          out/apps/src/VGA_Out_apps.o
ConfigHVSynchroOut                                out/apps/src/VGA_Out_apps.o
ConfigTCInterrupt                                 out/apps/src/VGA_Out_apps.o
ConfigTCPins                                      out/apps/src/VGA_Out_apps.o
DACC_IRQHandler                                   out/cmsis_boot/startup/startup_sam4s.o
DebugMon_Handler                                  out/cmsis_boot/startup/startup_sam4s.o
Dummy_Handler                                     out/cmsis_boot/startup/startup_sam4s.o
EFC_IRQHandler                                    out/cmsis_boot/startup/startup_sam4s.o
Frame4bit                                         out/apps/src/VGA_Out_apps.o
HSMCI_IRQHandler                                  out/apps/src/VGA_Out_apps.o
HSMCI_Init                                        out/apps/src/VGA_Out_apps.o
HardFault_Handler                                 out/cmsis_boot/startup/startup_sam4s.o
LedInit                                           out/apps/src/LED.o
                                                  out/apps/main.o
LedOff                                            out/apps/src/LED.o
                                                  out/apps/src/IRQ.o
LedOn                                             out/apps/src/LED.o
                                                  out/apps/src/IRQ.o
LedToggle                                         out/apps/src/LED.o
MCI_Disable                                       out/SAM4S_StdPeriph_Driver/Source/SAM4S/source/hsmci_pdc.o
MCI_Enable                                        out/SAM4S_StdPeriph_Driver/Source/SAM4S/source/hsmci_pdc.o
                                                  out/apps/src/VGA_Out_apps.o
MCI_EnableHsMode                                  out/SAM4S_StdPeriph_Driver/Source/SAM4S/source/hsmci_pdc.o
                                                  out/apps/src/VGA_Out_apps.o
MCI_Init                                          out/SAM4S_StdPeriph_Driver/Source/SAM4S/source/hsmci_pdc.o
                                                  out/apps/src/VGA_Out_apps.o
MCI_Reset                                         out/SAM4S_StdPeriph_Driver/Source/SAM4S/source/hsmci_pdc.o
MCI_SetBusWidth                                   out/SAM4S_StdPeriph_Driver/Source/SAM4S/source/hsmci_pdc.o
                                                  out/apps/src/VGA_Out_apps.o
MCI_SetSpeed                                      out/SAM4S_StdPeriph_Driver/Source/SAM4S/source/hsmci_pdc.o
                                                  out/apps/src/VGA_Out_apps.o
MemManage_Handler                                 out/cmsis_boot/startup/startup_sam4s.o
NMI_Handler                                       out/cmsis_boot/startup/startup_sam4s.o
PIOA_IRQHandler                                   out/apps/src/mspi_apps.o
PIOB_IRQHandler                                   out/cmsis_boot/startup/startup_sam4s.o
PIOC_IRQHandler                                   out/cmsis_boot/startup/startup_sam4s.o
PIO_Clear                                         out/SAM4S_StdPeriph_Driver/Source/SAM4S/source/pio.o
                                                  out/apps/src/LED.o
PIO_Configure                                     out/SAM4S_StdPeriph_Driver/Source/SAM4S/source/pio.o
                                                  out/apps/src/mspi_apps.o
                                                  out/apps/src/VGA_Out_apps.o
                                                  out/apps/src/LED.o
PIO_DisableWriteProtect                           out/SAM4S_StdPeriph_Driver/Source/SAM4S/source/pio.o
PIO_EnableWriteProtect                            out/SAM4S_StdPeriph_Driver/Source/SAM4S/source/pio.o
PIO_Get                                           out/SAM4S_StdPeriph_Driver/Source/SAM4S/source/pio.o
PIO_GetOutputDataStatus                           out/SAM4S_StdPeriph_Driver/Source/SAM4S/source/pio.o
                                                  out/apps/src/LED.o
PIO_GetWriteProtectViolationInfo                  out/SAM4S_StdPeriph_Driver/Source/SAM4S/source/pio.o
PIO_Set                                           out/SAM4S_StdPeriph_Driver/Source/SAM4S/source/pio.o
                                                  out/apps/src/LED.o
PIO_SetDebounceFilter                             out/SAM4S_StdPeriph_Driver/Source/SAM4S/source/pio.o
PIO_SetPinType                                    out/SAM4S_StdPeriph_Driver/Source/SAM4S/source/pio.o
PMC_DisableAllPeripherals                         out/SAM4S_StdPeriph_Driver/Source/SAM4S/source/pmc.o
PMC_DisablePeripheral                             out/SAM4S_StdPeriph_Driver/Source/SAM4S/source/pmc.o
                                                  out/SAM4S_StdPeriph_Driver/Source/SAM4S/source/hsmci_pdc.o
PMC_EnableAllPeripherals                          out/SAM4S_StdPeriph_Driver/Source/SAM4S/source/pmc.o
PMC_EnablePeripheral                              out/SAM4S_StdPeriph_Driver/Source/SAM4S/source/pmc.o
                                                  out/SAM4S_StdPeriph_Driver/Source/SAM4S/source/spi.o
                                                  out/SAM4S_StdPeriph_Driver/Source/SAM4S/source/hsmci_pdc.o
                                                  out/SAM4S_StdPeriph_Driver/Source/SAM4S/source/pio.o
                                                  out/apps/src/VGA_Out_apps.o
PMC_IRQHandler                                    out/cmsis_boot/startup/startup_sam4s.o
PMC_IsPeriphEnabled                               out/SAM4S_StdPeriph_Driver/Source/SAM4S/source/pmc.o
                                                  out/SAM4S_StdPeriph_Driver/Source/SAM4S/source/hsmci_pdc.o
PMC_SetWriteprotect                               out/SAM4S_StdPeriph_Driver/Source/SAM4S/source/pmc.o
PWM_IRQHandler                                    out/cmsis_boot/startup/startup_sam4s.o
PendSV_Handler                                    out/cmsis_boot/startup/startup_sam4s.o
RSTC_IRQHandler                                   out/cmsis_boot/startup/startup_sam4s.o
RTC_IRQHandler                                    out/cmsis_boot/startup/startup_sam4s.o
RTT_IRQHandler                                    out/cmsis_boot/startup/startup_sam4s.o
Reset_Handler                                     out/cmsis_boot/startup/startup_sam4s.o
SPI_Configure                                     out/SAM4S_StdPeriph_Driver/Source/SAM4S/source/spi.o
                                                  out/apps/src/mspi_apps.o
SPI_ConfigureNPCS                                 out/SAM4S_StdPeriph_Driver/Source/SAM4S/source/spi.o
                                                  out/apps/src/mspi_apps.o
SPI_Disable                                       out/SAM4S_StdPeriph_Driver/Source/SAM4S/source/spi.o
SPI_DisableIt                                     out/SAM4S_StdPeriph_Driver/Source/SAM4S/source/spi.o
SPI_Enable                                        out/SAM4S_StdPeriph_Driver/Source/SAM4S/source/spi.o
                                                  out/apps/src/mspi_apps.o
SPI_EnableIt                                      out/SAM4S_StdPeriph_Driver/Source/SAM4S/source/spi.o
                                                  out/apps/src/mspi_apps.o
SPI_GetStatus                                     out/SAM4S_StdPeriph_Driver/Source/SAM4S/source/spi.o
SPI_IRQHandler                                    out/apps/src/mspi_apps.o
SPI_IsFinished                                    out/SAM4S_StdPeriph_Driver/Source/SAM4S/source/spi.o
SPI_PdcDisableRx                                  out/SAM4S_StdPeriph_Driver/Source/SAM4S/source/spi.o
SPI_PdcDisableTx                                  out/SAM4S_StdPeriph_Driver/Source/SAM4S/source/spi.o
SPI_PdcEnableRx                                   out/SAM4S_StdPeriph_Driver/Source/SAM4S/source/spi.o
SPI_PdcEnableTx                                   out/SAM4S_StdPeriph_Driver/Source/SAM4S/source/spi.o
SPI_PdcSetRx                                      out/SAM4S_StdPeriph_Driver/Source/SAM4S/source/spi.o
SPI_PdcSetTx                                      out/SAM4S_StdPeriph_Driver/Source/SAM4S/source/spi.o
SPI_Read                                          out/SAM4S_StdPeriph_Driver/Source/SAM4S/source/spi.o
                                                  out/apps/src/mspi_apps.o
SPI_ReadBuffer                                    out/SAM4S_StdPeriph_Driver/Source/SAM4S/source/spi.o
SPI_Write                                         out/SAM4S_StdPeriph_Driver/Source/SAM4S/source/spi.o
                                                  out/apps/src/mspi_apps.o
SPI_WriteBuffer                                   out/SAM4S_StdPeriph_Driver/Source/SAM4S/source/spi.o
SSC_IRQHandler                                    out/cmsis_boot/startup/startup_sam4s.o
SUPC_IRQHandler                                   out/cmsis_boot/startup/startup_sam4s.o
SVC_Handler                                       out/cmsis_boot/startup/startup_sam4s.o
Sinclair_Inverted_S                               out/apps/src/fonts/Sinclair_Inverted_S.o
                                                  out/apps/src/Drawing_apps.o
Sinclair_S                                        out/apps/src/fonts/Sinclair_S.o
                                                  out/apps/src/Drawing_apps.o
StartVGAOut                                       out/apps/src/VGA_Out_apps.o
                                                  out/apps/main.o
SysTick_Handler                                   out/apps/src/IRQ.o
SystemCoreClock                                   out/cmsis_boot/system_sam4s.o
                                                  out/apps/src/VGA_Out_apps.o
                                                  out/apps/main.o
SystemCoreClockUpdate                             out/cmsis_boot/system_sam4s.o
                                                  out/apps/main.o
SystemInit                                        out/cmsis_boot/system_sam4s.o
                                                  out/apps/main.o
TC0_IRQHandler                                    out/apps/src/VGA_Out_apps.o
TC1_IRQHandler                                    out/apps/src/VGA_Out_apps.o
TC2_IRQHandler                                    out/cmsis_boot/startup/startup_sam4s.o
TC3_IRQHandler                                    out/cmsis_boot/startup/startup_sam4s.o
TC4_IRQHandler                                    out/cmsis_boot/startup/startup_sam4s.o
TC5_IRQHandler                                    out/cmsis_boot/startup/startup_sam4s.o
TC_Configure                                      out/SAM4S_StdPeriph_Driver/Source/SAM4S/source/tc.o
                                                  out/apps/src/VGA_Out_apps.o
TC_DisableInterrupt                               out/SAM4S_StdPeriph_Driver/Source/SAM4S/source/tc.o
TC_EnableInterrupt                                out/SAM4S_StdPeriph_Driver/Source/SAM4S/source/tc.o
                                                  out/apps/src/VGA_Out_apps.o
TC_FindMckDivisor                                 out/SAM4S_StdPeriph_Driver/Source/SAM4S/source/tc.o
TC_GetInterruptMask                               out/SAM4S_StdPeriph_Driver/Source/SAM4S/source/tc.o
TC_GetStatus                                      out/SAM4S_StdPeriph_Driver/Source/SAM4S/source/tc.o
TC_SetBlockMode                                   out/SAM4S_StdPeriph_Driver/Source/SAM4S/source/tc.o
                                                  out/apps/src/VGA_Out_apps.o
TC_SetWriteprotect                                out/SAM4S_StdPeriph_Driver/Source/SAM4S/source/tc.o
TC_Start                                          out/SAM4S_StdPeriph_Driver/Source/SAM4S/source/tc.o
                                                  out/apps/src/VGA_Out_apps.o
TC_Stop                                           out/SAM4S_StdPeriph_Driver/Source/SAM4S/source/tc.o
TC_WriteRa                                        out/SAM4S_StdPeriph_Driver/Source/SAM4S/source/tc.o
                                                  out/apps/src/VGA_Out_apps.o
TC_WriteRb                                        out/SAM4S_StdPeriph_Driver/Source/SAM4S/source/tc.o
                                                  out/apps/src/VGA_Out_apps.o
TC_WriteRc                                        out/SAM4S_StdPeriph_Driver/Source/SAM4S/source/tc.o
                                                  out/apps/src/VGA_Out_apps.o
TWI0_IRQHandler                                   out/cmsis_boot/startup/startup_sam4s.o
TWI1_IRQHandler                                   out/cmsis_boot/startup/startup_sam4s.o
UART0_IRQHandler                                  out/cmsis_boot/startup/startup_sam4s.o
UART1_IRQHandler                                  out/cmsis_boot/startup/startup_sam4s.o
UDP_IRQHandler                                    out/cmsis_boot/startup/startup_sam4s.o
USART0_IRQHandler                                 out/cmsis_boot/startup/startup_sam4s.o
USART1_IRQHandler                                 out/cmsis_boot/startup/startup_sam4s.o
UsageFault_Handler                                out/cmsis_boot/startup/startup_sam4s.o
WDT_IRQHandler                                    out/cmsis_boot/startup/startup_sam4s.o
_Jv_RegisterClasses                               d:/armgcc/bin/../lib/gcc/arm-none-eabi/4.8.4/armv7e-m/crtbegin.o
_PathLocale                                       d:/armgcc/bin/../lib/gcc/arm-none-eabi/4.8.4/../../../../arm-none-eabi/lib/armv7e-m\libc.a(lib_a-locale.o)
__aeabi_idiv0                                     d:/armgcc/bin/../lib/gcc/arm-none-eabi/4.8.4/armv7e-m\libgcc.a(_dvmd_tls.o)
__aeabi_ldiv0                                     d:/armgcc/bin/../lib/gcc/arm-none-eabi/4.8.4/armv7e-m\libgcc.a(_dvmd_tls.o)
                                                  d:/armgcc/bin/../lib/gcc/arm-none-eabi/4.8.4/armv7e-m\libgcc.a(_aeabi_uldivmod.o)
__aeabi_uldivmod                                  d:/armgcc/bin/../lib/gcc/arm-none-eabi/4.8.4/armv7e-m\libgcc.a(_aeabi_uldivmod.o)
                                                  d:/armgcc/bin/../lib/gcc/arm-none-eabi/4.8.4/../../../../arm-none-eabi/lib/armv7e-m\libc.a(lib_a-vfiprintf.o)
__ascii_wctomb                                    d:/armgcc/bin/../lib/gcc/arm-none-eabi/4.8.4/../../../../arm-none-eabi/lib/armv7e-m\libc.a(lib_a-wctomb_r.o)
__assert                                          d:/armgcc/bin/../lib/gcc/arm-none-eabi/4.8.4/../../../../arm-none-eabi/lib/armv7e-m\libc.a(lib_a-assert.o)
__assert_func                                     d:/armgcc/bin/../lib/gcc/arm-none-eabi/4.8.4/../../../../arm-none-eabi/lib/armv7e-m\libc.a(lib_a-assert.o)
                                                  out/SAM4S_StdPeriph_Driver/Source/SAM4S/source/hsmci_pdc.o
                                                  out/SAM4S_StdPeriph_Driver/Source/SAM4S/source/pmc.o
                                                  out/SAM4S_StdPeriph_Driver/Source/SAM4S/source/tc.o
__bss_end__                                       d:/armgcc/bin/../lib/gcc/arm-none-eabi/4.8.4/../../../../arm-none-eabi/lib/armv7e-m/crt0.o
__bss_start__                                     d:/armgcc/bin/../lib/gcc/arm-none-eabi/4.8.4/../../../../arm-none-eabi/lib/armv7e-m/crt0.o
__call_exitprocs                                  d:/armgcc/bin/../lib/gcc/arm-none-eabi/4.8.4/../../../../arm-none-eabi/lib/armv7e-m\libc.a(lib_a-__call_atexit.o)
                                                  d:/armgcc/bin/../lib/gcc/arm-none-eabi/4.8.4/../../../../arm-none-eabi/lib/armv7e-m\libc.a(lib_a-exit.o)
__deregister_frame_info                           d:/armgcc/bin/../lib/gcc/arm-none-eabi/4.8.4/armv7e-m/crtbegin.o
__divdi3                                          d:/armgcc/bin/../lib/gcc/arm-none-eabi/4.8.4/armv7e-m\libgcc.a(_divdi3.o)
                                                  d:/armgcc/bin/../lib/gcc/arm-none-eabi/4.8.4/armv7e-m\libgcc.a(bpabi.o)
__dso_handle                                      d:/armgcc/bin/../lib/gcc/arm-none-eabi/4.8.4/armv7e-m/crtbegin.o
__fini_array_end                                  d:/armgcc/bin/../lib/gcc/arm-none-eabi/4.8.4/../../../../arm-none-eabi/lib/armv7e-m\libc.a(lib_a-fini.o)
__fini_array_start                                d:/armgcc/bin/../lib/gcc/arm-none-eabi/4.8.4/../../../../arm-none-eabi/lib/armv7e-m\libc.a(lib_a-fini.o)
__fp_lock_all                                     d:/armgcc/bin/../lib/gcc/arm-none-eabi/4.8.4/../../../../arm-none-eabi/lib/armv7e-m\libc.a(lib_a-findfp.o)
__fp_unlock_all                                   d:/armgcc/bin/../lib/gcc/arm-none-eabi/4.8.4/../../../../arm-none-eabi/lib/armv7e-m\libc.a(lib_a-findfp.o)
__gnu_ldivmod_helper                              d:/armgcc/bin/../lib/gcc/arm-none-eabi/4.8.4/armv7e-m\libgcc.a(bpabi.o)
__gnu_uldivmod_helper                             d:/armgcc/bin/../lib/gcc/arm-none-eabi/4.8.4/armv7e-m\libgcc.a(bpabi.o)
                                                  d:/armgcc/bin/../lib/gcc/arm-none-eabi/4.8.4/armv7e-m\libgcc.a(_aeabi_uldivmod.o)
__init_array_end                                  d:/armgcc/bin/../lib/gcc/arm-none-eabi/4.8.4/../../../../arm-none-eabi/lib/armv7e-m\libc.a(lib_a-init.o)
__init_array_start                                d:/armgcc/bin/../lib/gcc/arm-none-eabi/4.8.4/../../../../arm-none-eabi/lib/armv7e-m\libc.a(lib_a-init.o)
__libc_fini                                       d:/armgcc/bin/../lib/gcc/arm-none-eabi/4.8.4/../../../../arm-none-eabi/lib/armv7e-m\libc.a(lib_a-__call_atexit.o)
__libc_fini_array                                 d:/armgcc/bin/../lib/gcc/arm-none-eabi/4.8.4/../../../../arm-none-eabi/lib/armv7e-m\libc.a(lib_a-fini.o)
                                                  d:/armgcc/bin/../lib/gcc/arm-none-eabi/4.8.4/../../../../arm-none-eabi/lib/armv7e-m\libc.a(lib_a-__call_atexit.o)
                                                  d:/armgcc/bin/../lib/gcc/arm-none-eabi/4.8.4/../../../../arm-none-eabi/lib/armv7e-m/crt0.o
__libc_init_array                                 d:/armgcc/bin/../lib/gcc/arm-none-eabi/4.8.4/../../../../arm-none-eabi/lib/armv7e-m\libc.a(lib_a-init.o)
                                                  out/cmsis_boot/startup/startup_sam4s.o
                                                  d:/armgcc/bin/../lib/gcc/arm-none-eabi/4.8.4/../../../../arm-none-eabi/lib/armv7e-m/crt0.o
__locale_charset                                  d:/armgcc/bin/../lib/gcc/arm-none-eabi/4.8.4/../../../../arm-none-eabi/lib/armv7e-m\libc.a(lib_a-locale.o)
                                                  d:/armgcc/bin/../lib/gcc/arm-none-eabi/4.8.4/../../../../arm-none-eabi/lib/armv7e-m\libc.a(lib_a-wctomb_r.o)
                                                  d:/armgcc/bin/../lib/gcc/arm-none-eabi/4.8.4/../../../../arm-none-eabi/lib/armv7e-m\libc.a(lib_a-wcrtomb.o)
__locale_cjk_lang                                 d:/armgcc/bin/../lib/gcc/arm-none-eabi/4.8.4/../../../../arm-none-eabi/lib/armv7e-m\libc.a(lib_a-locale.o)
__locale_mb_cur_max                               d:/armgcc/bin/../lib/gcc/arm-none-eabi/4.8.4/../../../../arm-none-eabi/lib/armv7e-m\libc.a(lib_a-locale.o)
                                                  d:/armgcc/bin/../lib/gcc/arm-none-eabi/4.8.4/../../../../arm-none-eabi/lib/armv7e-m\libc.a(lib_a-fputwc.o)
__locale_msgcharset                               d:/armgcc/bin/../lib/gcc/arm-none-eabi/4.8.4/../../../../arm-none-eabi/lib/armv7e-m\libc.a(lib_a-locale.o)
__malloc_av_                                      d:/armgcc/bin/../lib/gcc/arm-none-eabi/4.8.4/../../../../arm-none-eabi/lib/armv7e-m\libc.a(lib_a-mallocr.o)
                                                  d:/armgcc/bin/../lib/gcc/arm-none-eabi/4.8.4/../../../../arm-none-eabi/lib/armv7e-m\libc.a(lib_a-reallocr.o)
                                                  d:/armgcc/bin/../lib/gcc/arm-none-eabi/4.8.4/../../../../arm-none-eabi/lib/armv7e-m\libc.a(lib_a-freer.o)
__malloc_current_mallinfo                         d:/armgcc/bin/../lib/gcc/arm-none-eabi/4.8.4/../../../../arm-none-eabi/lib/armv7e-m\libc.a(lib_a-mallocr.o)
                                                  d:/armgcc/bin/../lib/gcc/arm-none-eabi/4.8.4/../../../../arm-none-eabi/lib/armv7e-m\libc.a(lib_a-freer.o)
__malloc_lock                                     d:/armgcc/bin/../lib/gcc/arm-none-eabi/4.8.4/../../../../arm-none-eabi/lib/armv7e-m\libc.a(lib_a-mlock.o)
                                                  d:/armgcc/bin/../lib/gcc/arm-none-eabi/4.8.4/../../../../arm-none-eabi/lib/armv7e-m\libc.a(lib_a-reallocr.o)
                                                  d:/armgcc/bin/../lib/gcc/arm-none-eabi/4.8.4/../../../../arm-none-eabi/lib/armv7e-m\libc.a(lib_a-mallocr.o)
                                                  d:/armgcc/bin/../lib/gcc/arm-none-eabi/4.8.4/../../../../arm-none-eabi/lib/armv7e-m\libc.a(lib_a-freer.o)
__malloc_max_sbrked_mem                           d:/armgcc/bin/../lib/gcc/arm-none-eabi/4.8.4/../../../../arm-none-eabi/lib/armv7e-m\libc.a(lib_a-mallocr.o)
__malloc_max_total_mem                            d:/armgcc/bin/../lib/gcc/arm-none-eabi/4.8.4/../../../../arm-none-eabi/lib/armv7e-m\libc.a(lib_a-mallocr.o)
__malloc_sbrk_base                                d:/armgcc/bin/../lib/gcc/arm-none-eabi/4.8.4/../../../../arm-none-eabi/lib/armv7e-m\libc.a(lib_a-mallocr.o)
                                                  d:/armgcc/bin/../lib/gcc/arm-none-eabi/4.8.4/../../../../arm-none-eabi/lib/armv7e-m\libc.a(lib_a-freer.o)
__malloc_top_pad                                  d:/armgcc/bin/../lib/gcc/arm-none-eabi/4.8.4/../../../../arm-none-eabi/lib/armv7e-m\libc.a(lib_a-mallocr.o)
                                                  d:/armgcc/bin/../lib/gcc/arm-none-eabi/4.8.4/../../../../arm-none-eabi/lib/armv7e-m\libc.a(lib_a-freer.o)
__malloc_trim_threshold                           d:/armgcc/bin/../lib/gcc/arm-none-eabi/4.8.4/../../../../arm-none-eabi/lib/armv7e-m\libc.a(lib_a-mallocr.o)
                                                  d:/armgcc/bin/../lib/gcc/arm-none-eabi/4.8.4/../../../../arm-none-eabi/lib/armv7e-m\libc.a(lib_a-freer.o)
__malloc_unlock                                   d:/armgcc/bin/../lib/gcc/arm-none-eabi/4.8.4/../../../../arm-none-eabi/lib/armv7e-m\libc.a(lib_a-mlock.o)